Archive member included to satisfy reference by file (symbol)

c:/program files (x86)/gnu tools arm embedded/5.4 2016q3/bin/../lib/gcc/arm-none-eabi/5.4.1/armv7e-m\libgcc.a(_arm_addsubdf3.o)
                              ..\obj\main.o (__aeabi_i2d)
c:/program files (x86)/gnu tools arm embedded/5.4 2016q3/bin/../lib/gcc/arm-none-eabi/5.4.1/armv7e-m\libgcc.a(_arm_muldivdf3.o)
                              ..\obj\main.o (__aeabi_ddiv)
c:/program files (x86)/gnu tools arm embedded/5.4 2016q3/bin/../lib/gcc/arm-none-eabi/5.4.1/armv7e-m\libgcc.a(_arm_cmpdf2.o)
                              ..\obj\main.o (__aeabi_dcmplt)

Allocating common symbols
Common symbol       size              file

TIM_TimeBaseStructure
                    0xc               ..\obj\biblioteka.o
light               0x8               ..\obj\main.o
ADC_InitStructure   0x18              ..\obj\biblioteka.o
DAC_InitStructure   0x10              ..\obj\biblioteka.o
TIM_OCInitStructure
                    0x14              ..\obj\biblioteka.o
calibration         0x8               ..\obj\main.o
valueFromADC        0x2               ..\obj\biblioteka.o
GPIO_InitStructure  0x8               ..\obj\biblioteka.o
USART_InitStructure
                    0x10              ..\obj\biblioteka.o
NVIC_InitStructure  0x4               ..\obj\biblioteka.o
EXTI_InitStructure  0x8               ..\obj\biblioteka.o
ADC_CommonInitStructure
                    0x10              ..\obj\biblioteka.o

Discarded input sections

 .text          0x00000000        0x0 ..\obj\stm32f4xx_syscfg.o
 .data          0x00000000        0x0 ..\obj\stm32f4xx_syscfg.o
 .bss           0x00000000        0x0 ..\obj\stm32f4xx_syscfg.o
 .text.SYSCFG_DeInit
                0x00000000       0x1c ..\obj\stm32f4xx_syscfg.o
 .text.SYSCFG_MemoryRemapConfig
                0x00000000       0x20 ..\obj\stm32f4xx_syscfg.o
 .text.SYSCFG_EXTILineConfig
                0x00000000       0x84 ..\obj\stm32f4xx_syscfg.o
 .text.SYSCFG_ETH_MediaInterfaceConfig
                0x00000000       0x1c ..\obj\stm32f4xx_syscfg.o
 .text.SYSCFG_CompensationCellCmd
                0x00000000       0x20 ..\obj\stm32f4xx_syscfg.o
 .text.SYSCFG_GetCompensationCellStatus
                0x00000000       0x30 ..\obj\stm32f4xx_syscfg.o
 .debug_info    0x00000000      0x274 ..\obj\stm32f4xx_syscfg.o
 .debug_abbrev  0x00000000      0x133 ..\obj\stm32f4xx_syscfg.o
 .debug_aranges
                0x00000000       0x48 ..\obj\stm32f4xx_syscfg.o
 .debug_ranges  0x00000000       0x38 ..\obj\stm32f4xx_syscfg.o
 .debug_line    0x00000000      0x20a ..\obj\stm32f4xx_syscfg.o
 .debug_str     0x00000000      0x2e9 ..\obj\stm32f4xx_syscfg.o
 .comment       0x00000000       0x6f ..\obj\stm32f4xx_syscfg.o
 .debug_frame   0x00000000       0xf4 ..\obj\stm32f4xx_syscfg.o
 .ARM.attributes
                0x00000000       0x33 ..\obj\stm32f4xx_syscfg.o
 .text          0x00000000        0x0 ..\obj\biblioteka.o
 .data          0x00000000        0x8 ..\obj\biblioteka.o
 .bss           0x00000000        0x0 ..\obj\biblioteka.o
 .text.NVIC_EnableIRQ
                0x00000000       0x30 ..\obj\biblioteka.o
 .text.Delay    0x00000000       0x2c ..\obj\biblioteka.o
 .text.LED_init
                0x00000000       0x50 ..\obj\biblioteka.o
 .text.TIM4_init
                0x00000000       0x4c ..\obj\biblioteka.o
 .text.PWM_init
                0x00000000       0x68 ..\obj\biblioteka.o
 .text.Button_inter
                0x00000000       0x5c ..\obj\biblioteka.o
 .text.ADC_init
                0x00000000       0xac ..\obj\biblioteka.o
 .text.DAC_init
                0x00000000       0x70 ..\obj\biblioteka.o
 .text.USART_init
                0x00000000       0xac ..\obj\biblioteka.o
 .text.usartGetChar1
                0x00000000       0x28 ..\obj\biblioteka.o
 .text.usartGetChar2
                0x00000000       0x28 ..\obj\biblioteka.o
 .text.usartSendData
                0x00000000       0x34 ..\obj\biblioteka.o
 .text.USART_inter
                0x00000000       0x3c ..\obj\biblioteka.o
 .text.spi_init
                0x00000000      0x180 ..\obj\biblioteka.o
 .text.MY_DMA_initP2M
                0x00000000       0x7c ..\obj\biblioteka.o
 .text.MY_ADC_init
                0x00000000       0xa8 ..\obj\biblioteka.o
 .rodata        0x00000000       0x40 ..\obj\biblioteka.o
 .text.MY_DMA_initM2P
                0x00000000       0x88 ..\obj\biblioteka.o
 .text.MY_DAC_init
                0x00000000       0x6c ..\obj\biblioteka.o
 .text.MY_DAC_initTimerForUpdating
                0x00000000       0x50 ..\obj\biblioteka.o
 .text.i2c_init
                0x00000000       0x9c ..\obj\biblioteka.o
 .text.I2C_start
                0x00000000       0x88 ..\obj\biblioteka.o
 .text.I2C_stop
                0x00000000       0x18 ..\obj\biblioteka.o
 .text.I2C_write
                0x00000000       0x34 ..\obj\biblioteka.o
 .text.I2C_read
                0x00000000       0x40 ..\obj\biblioteka.o
 .text          0x00000000        0x0 ..\obj\stm32f4xx_usart.o
 .data          0x00000000        0x0 ..\obj\stm32f4xx_usart.o
 .bss           0x00000000        0x0 ..\obj\stm32f4xx_usart.o
 .text.USART_DeInit
                0x00000000       0xd4 ..\obj\stm32f4xx_usart.o
 .text.USART_Init
                0x00000000      0x174 ..\obj\stm32f4xx_usart.o
 .text.USART_StructInit
                0x00000000       0x38 ..\obj\stm32f4xx_usart.o
 .text.USART_ClockInit
                0x00000000       0x54 ..\obj\stm32f4xx_usart.o
 .text.USART_ClockStructInit
                0x00000000       0x2c ..\obj\stm32f4xx_usart.o
 .text.USART_Cmd
                0x00000000       0x40 ..\obj\stm32f4xx_usart.o
 .text.USART_SetPrescaler
                0x00000000       0x38 ..\obj\stm32f4xx_usart.o
 .text.USART_OverSampling8Cmd
                0x00000000       0x44 ..\obj\stm32f4xx_usart.o
 .text.USART_OneBitMethodCmd
                0x00000000       0x40 ..\obj\stm32f4xx_usart.o
 .text.USART_SendData
                0x00000000       0x24 ..\obj\stm32f4xx_usart.o
 .text.USART_ReceiveData
                0x00000000       0x20 ..\obj\stm32f4xx_usart.o
 .text.USART_SetAddress
                0x00000000       0x38 ..\obj\stm32f4xx_usart.o
 .text.USART_ReceiverWakeUpCmd
                0x00000000       0x40 ..\obj\stm32f4xx_usart.o
 .text.USART_WakeUpConfig
                0x00000000       0x38 ..\obj\stm32f4xx_usart.o
 .text.USART_LINBreakDetectLengthConfig
                0x00000000       0x38 ..\obj\stm32f4xx_usart.o
 .text.USART_LINCmd
                0x00000000       0x40 ..\obj\stm32f4xx_usart.o
 .text.USART_SendBreak
                0x00000000       0x24 ..\obj\stm32f4xx_usart.o
 .text.USART_HalfDuplexCmd
                0x00000000       0x40 ..\obj\stm32f4xx_usart.o
 .text.USART_SetGuardTime
                0x00000000       0x3c ..\obj\stm32f4xx_usart.o
 .text.USART_SmartCardCmd
                0x00000000       0x40 ..\obj\stm32f4xx_usart.o
 .text.USART_SmartCardNACKCmd
                0x00000000       0x40 ..\obj\stm32f4xx_usart.o
 .text.USART_IrDAConfig
                0x00000000       0x38 ..\obj\stm32f4xx_usart.o
 .text.USART_IrDACmd
                0x00000000       0x40 ..\obj\stm32f4xx_usart.o
 .text.USART_DMACmd
                0x00000000       0x48 ..\obj\stm32f4xx_usart.o
 .text.USART_ITConfig
                0x00000000       0x90 ..\obj\stm32f4xx_usart.o
 .text.USART_GetFlagStatus
                0x00000000       0x38 ..\obj\stm32f4xx_usart.o
 .text.USART_ClearFlag
                0x00000000       0x20 ..\obj\stm32f4xx_usart.o
 .text.USART_GetITStatus
                0x00000000       0xb4 ..\obj\stm32f4xx_usart.o
 .text.USART_ClearITPendingBit
                0x00000000       0x38 ..\obj\stm32f4xx_usart.o
 .debug_info    0x00000000      0x9ca ..\obj\stm32f4xx_usart.o
 .debug_abbrev  0x00000000      0x157 ..\obj\stm32f4xx_usart.o
 .debug_aranges
                0x00000000      0x100 ..\obj\stm32f4xx_usart.o
 .debug_ranges  0x00000000       0xf0 ..\obj\stm32f4xx_usart.o
 .debug_line    0x00000000      0x4ad ..\obj\stm32f4xx_usart.o
 .debug_str     0x00000000      0x684 ..\obj\stm32f4xx_usart.o
 .comment       0x00000000       0x6f ..\obj\stm32f4xx_usart.o
 .debug_frame   0x00000000      0x490 ..\obj\stm32f4xx_usart.o
 .ARM.attributes
                0x00000000       0x33 ..\obj\stm32f4xx_usart.o
 .text          0x00000000        0x0 ..\obj\tm_stm32f4_adc.o
 .data          0x00000000        0x0 ..\obj\tm_stm32f4_adc.o
 .bss           0x00000000        0x0 ..\obj\tm_stm32f4_adc.o
 .text.TM_ADC_EnableVbat
                0x00000000       0x1c ..\obj\tm_stm32f4_adc.o
 .text.TM_ADC_DisableVbat
                0x00000000       0x1c ..\obj\tm_stm32f4_adc.o
 .text          0x00000000        0x0 ..\obj\stm32f4xx_dac.o
 .data          0x00000000        0x0 ..\obj\stm32f4xx_dac.o
 .bss           0x00000000        0x0 ..\obj\stm32f4xx_dac.o
 .text.DAC_DeInit
                0x00000000       0x1c ..\obj\stm32f4xx_dac.o
 .text.DAC_Init
                0x00000000       0x64 ..\obj\stm32f4xx_dac.o
 .text.DAC_StructInit
                0x00000000       0x2c ..\obj\stm32f4xx_dac.o
 .text.DAC_Cmd  0x00000000       0x48 ..\obj\stm32f4xx_dac.o
 .text.DAC_SoftwareTriggerCmd
                0x00000000       0x4c ..\obj\stm32f4xx_dac.o
 .text.DAC_DualSoftwareTriggerCmd
                0x00000000       0x38 ..\obj\stm32f4xx_dac.o
 .text.DAC_WaveGenerationCmd
                0x00000000       0x4c ..\obj\stm32f4xx_dac.o
 .text.DAC_SetChannel1Data
                0x00000000       0x34 ..\obj\stm32f4xx_dac.o
 .text.DAC_SetChannel2Data
                0x00000000       0x34 ..\obj\stm32f4xx_dac.o
 .text.DAC_SetDualChannelData
                0x00000000       0x58 ..\obj\stm32f4xx_dac.o
 .text.DAC_GetDataOutputValue
                0x00000000       0x30 ..\obj\stm32f4xx_dac.o
 .text.DAC_DMACmd
                0x00000000       0x4c ..\obj\stm32f4xx_dac.o
 .text.DAC_ITConfig
                0x00000000       0x4c ..\obj\stm32f4xx_dac.o
 .text.DAC_GetFlagStatus
                0x00000000       0x3c ..\obj\stm32f4xx_dac.o
 .text.DAC_ClearFlag
                0x00000000       0x24 ..\obj\stm32f4xx_dac.o
 .text.DAC_GetITStatus
                0x00000000       0x54 ..\obj\stm32f4xx_dac.o
 .text.DAC_ClearITPendingBit
                0x00000000       0x24 ..\obj\stm32f4xx_dac.o
 .debug_info    0x00000000      0x642 ..\obj\stm32f4xx_dac.o
 .debug_abbrev  0x00000000      0x17e ..\obj\stm32f4xx_dac.o
 .debug_aranges
                0x00000000       0xa0 ..\obj\stm32f4xx_dac.o
 .debug_ranges  0x00000000       0x90 ..\obj\stm32f4xx_dac.o
 .debug_line    0x00000000      0x346 ..\obj\stm32f4xx_dac.o
 .debug_str     0x00000000      0x448 ..\obj\stm32f4xx_dac.o
 .comment       0x00000000       0x6f ..\obj\stm32f4xx_dac.o
 .debug_frame   0x00000000      0x2ac ..\obj\stm32f4xx_dac.o
 .ARM.attributes
                0x00000000       0x33 ..\obj\stm32f4xx_dac.o
 .text          0x00000000        0x0 ..\obj\startup_stm32f4xx.o
 .data          0x00000000        0x0 ..\obj\startup_stm32f4xx.o
 .bss           0x00000000        0x0 ..\obj\startup_stm32f4xx.o
 .text          0x00000000        0x0 ..\obj\main.o
 .text          0x00000000        0x0 ..\obj\stm32f4xx_rcc.o
 .data          0x00000000       0x10 ..\obj\stm32f4xx_rcc.o
 .bss           0x00000000        0x0 ..\obj\stm32f4xx_rcc.o
 .text.RCC_DeInit
                0x00000000       0x50 ..\obj\stm32f4xx_rcc.o
 .text.RCC_HSEConfig
                0x00000000       0x24 ..\obj\stm32f4xx_rcc.o
 .text.RCC_WaitForHSEStartUp
                0x00000000       0x50 ..\obj\stm32f4xx_rcc.o
 .text.RCC_AdjustHSICalibrationValue
                0x00000000       0x3c ..\obj\stm32f4xx_rcc.o
 .text.RCC_HSICmd
                0x00000000       0x20 ..\obj\stm32f4xx_rcc.o
 .text.RCC_LSEConfig
                0x00000000       0x40 ..\obj\stm32f4xx_rcc.o
 .text.RCC_LSICmd
                0x00000000       0x20 ..\obj\stm32f4xx_rcc.o
 .text.RCC_PLLConfig
                0x00000000       0x3c ..\obj\stm32f4xx_rcc.o
 .text.RCC_PLLCmd
                0x00000000       0x20 ..\obj\stm32f4xx_rcc.o
 .text.RCC_PLLI2SConfig
                0x00000000       0x28 ..\obj\stm32f4xx_rcc.o
 .text.RCC_PLLI2SCmd
                0x00000000       0x20 ..\obj\stm32f4xx_rcc.o
 .text.RCC_ClockSecuritySystemCmd
                0x00000000       0x20 ..\obj\stm32f4xx_rcc.o
 .text.RCC_MCO1Config
                0x00000000       0x3c ..\obj\stm32f4xx_rcc.o
 .text.RCC_MCO2Config
                0x00000000       0x3c ..\obj\stm32f4xx_rcc.o
 .text.RCC_SYSCLKConfig
                0x00000000       0x38 ..\obj\stm32f4xx_rcc.o
 .text.RCC_GetSYSCLKSource
                0x00000000       0x1c ..\obj\stm32f4xx_rcc.o
 .text.RCC_HCLKConfig
                0x00000000       0x38 ..\obj\stm32f4xx_rcc.o
 .text.RCC_PCLK1Config
                0x00000000       0x38 ..\obj\stm32f4xx_rcc.o
 .text.RCC_PCLK2Config
                0x00000000       0x38 ..\obj\stm32f4xx_rcc.o
 .text.RCC_GetClocksFreq
                0x00000000      0x154 ..\obj\stm32f4xx_rcc.o
 .text.RCC_RTCCLKConfig
                0x00000000       0x5c ..\obj\stm32f4xx_rcc.o
 .text.RCC_RTCCLKCmd
                0x00000000       0x20 ..\obj\stm32f4xx_rcc.o
 .text.RCC_BackupResetCmd
                0x00000000       0x20 ..\obj\stm32f4xx_rcc.o
 .text.RCC_I2SCLKConfig
                0x00000000       0x1c ..\obj\stm32f4xx_rcc.o
 .text.RCC_AHB1PeriphClockCmd
                0x00000000       0x3c ..\obj\stm32f4xx_rcc.o
 .text.RCC_AHB2PeriphClockCmd
                0x00000000       0x3c ..\obj\stm32f4xx_rcc.o
 .text.RCC_AHB3PeriphClockCmd
                0x00000000       0x3c ..\obj\stm32f4xx_rcc.o
 .text.RCC_APB2PeriphClockCmd
                0x00000000       0x3c ..\obj\stm32f4xx_rcc.o
 .text.RCC_AHB1PeriphResetCmd
                0x00000000       0x3c ..\obj\stm32f4xx_rcc.o
 .text.RCC_AHB2PeriphResetCmd
                0x00000000       0x3c ..\obj\stm32f4xx_rcc.o
 .text.RCC_AHB3PeriphResetCmd
                0x00000000       0x3c ..\obj\stm32f4xx_rcc.o
 .text.RCC_APB1PeriphResetCmd
                0x00000000       0x3c ..\obj\stm32f4xx_rcc.o
 .text.RCC_APB2PeriphResetCmd
                0x00000000       0x3c ..\obj\stm32f4xx_rcc.o
 .text.RCC_AHB1PeriphClockLPModeCmd
                0x00000000       0x3c ..\obj\stm32f4xx_rcc.o
 .text.RCC_AHB2PeriphClockLPModeCmd
                0x00000000       0x3c ..\obj\stm32f4xx_rcc.o
 .text.RCC_AHB3PeriphClockLPModeCmd
                0x00000000       0x3c ..\obj\stm32f4xx_rcc.o
 .text.RCC_APB1PeriphClockLPModeCmd
                0x00000000       0x3c ..\obj\stm32f4xx_rcc.o
 .text.RCC_APB2PeriphClockLPModeCmd
                0x00000000       0x3c ..\obj\stm32f4xx_rcc.o
 .text.RCC_ITConfig
                0x00000000       0x4c ..\obj\stm32f4xx_rcc.o
 .text.RCC_GetFlagStatus
                0x00000000       0x74 ..\obj\stm32f4xx_rcc.o
 .text.RCC_ClearFlag
                0x00000000       0x1c ..\obj\stm32f4xx_rcc.o
 .text.RCC_GetITStatus
                0x00000000       0x34 ..\obj\stm32f4xx_rcc.o
 .text.RCC_ClearITPendingBit
                0x00000000       0x20 ..\obj\stm32f4xx_rcc.o
 .text          0x00000000        0x0 ..\obj\stm32f4xx_adc.o
 .data          0x00000000        0x0 ..\obj\stm32f4xx_adc.o
 .bss           0x00000000        0x0 ..\obj\stm32f4xx_adc.o
 .text.ADC_DeInit
                0x00000000       0x1c ..\obj\stm32f4xx_adc.o
 .text.ADC_StructInit
                0x00000000       0x3c ..\obj\stm32f4xx_adc.o
 .text.ADC_CommonStructInit
                0x00000000       0x2c ..\obj\stm32f4xx_adc.o
 .text.ADC_Cmd  0x00000000       0x38 ..\obj\stm32f4xx_adc.o
 .text.ADC_AnalogWatchdogCmd
                0x00000000       0x38 ..\obj\stm32f4xx_adc.o
 .text.ADC_AnalogWatchdogThresholdsConfig
                0x00000000       0x28 ..\obj\stm32f4xx_adc.o
 .text.ADC_AnalogWatchdogSingleChannelConfig
                0x00000000       0x38 ..\obj\stm32f4xx_adc.o
 .text.ADC_TempSensorVrefintCmd
                0x00000000       0x38 ..\obj\stm32f4xx_adc.o
 .text.ADC_VBATCmd
                0x00000000       0x38 ..\obj\stm32f4xx_adc.o
 .text.ADC_SoftwareStartConv
                0x00000000       0x20 ..\obj\stm32f4xx_adc.o
 .text.ADC_GetSoftwareStartConvStatus
                0x00000000       0x30 ..\obj\stm32f4xx_adc.o
 .text.ADC_EOCOnEachRegularChannelCmd
                0x00000000       0x38 ..\obj\stm32f4xx_adc.o
 .text.ADC_ContinuousModeCmd
                0x00000000       0x38 ..\obj\stm32f4xx_adc.o
 .text.ADC_DiscModeChannelCountConfig
                0x00000000       0x44 ..\obj\stm32f4xx_adc.o
 .text.ADC_DiscModeCmd
                0x00000000       0x38 ..\obj\stm32f4xx_adc.o
 .text.ADC_GetConversionValue
                0x00000000       0x18 ..\obj\stm32f4xx_adc.o
 .text.ADC_GetMultiModeConversionValue
                0x00000000       0x14 ..\obj\stm32f4xx_adc.o
 .text.ADC_DMACmd
                0x00000000       0x38 ..\obj\stm32f4xx_adc.o
 .text.ADC_DMARequestAfterLastTransferCmd
                0x00000000       0x38 ..\obj\stm32f4xx_adc.o
 .text.ADC_MultiModeDMARequestAfterLastTransferCmd
                0x00000000       0x38 ..\obj\stm32f4xx_adc.o
 .text.ADC_InjectedChannelConfig
                0x00000000      0x120 ..\obj\stm32f4xx_adc.o
 .text.ADC_InjectedSequencerLengthConfig
                0x00000000       0x44 ..\obj\stm32f4xx_adc.o
 .text.ADC_SetInjectedOffset
                0x00000000       0x34 ..\obj\stm32f4xx_adc.o
 .text.ADC_ExternalTrigInjectedConvConfig
                0x00000000       0x34 ..\obj\stm32f4xx_adc.o
 .text.ADC_ExternalTrigInjectedConvEdgeConfig
                0x00000000       0x34 ..\obj\stm32f4xx_adc.o
 .text.ADC_SoftwareStartInjectedConv
                0x00000000       0x20 ..\obj\stm32f4xx_adc.o
 .text.ADC_GetSoftwareStartInjectedConvCmdStatus
                0x00000000       0x30 ..\obj\stm32f4xx_adc.o
 .text.ADC_AutoInjectedConvCmd
                0x00000000       0x38 ..\obj\stm32f4xx_adc.o
 .text.ADC_InjectedDiscModeCmd
                0x00000000       0x38 ..\obj\stm32f4xx_adc.o
 .text.ADC_GetInjectedConversionValue
                0x00000000       0x30 ..\obj\stm32f4xx_adc.o
 .text.ADC_ITConfig
                0x00000000       0x50 ..\obj\stm32f4xx_adc.o
 .text.ADC_GetFlagStatus
                0x00000000       0x34 ..\obj\stm32f4xx_adc.o
 .text.ADC_ClearFlag
                0x00000000       0x20 ..\obj\stm32f4xx_adc.o
 .text.ADC_GetITStatus
                0x00000000       0x5c ..\obj\stm32f4xx_adc.o
 .text.ADC_ClearITPendingBit
                0x00000000       0x2c ..\obj\stm32f4xx_adc.o
 .text          0x00000000        0x0 ..\obj\stm32f4xx_gpio.o
 .data          0x00000000        0x0 ..\obj\stm32f4xx_gpio.o
 .bss           0x00000000        0x0 ..\obj\stm32f4xx_gpio.o
 .text.GPIO_DeInit
                0x00000000      0x120 ..\obj\stm32f4xx_gpio.o
 .text.GPIO_StructInit
                0x00000000       0x34 ..\obj\stm32f4xx_gpio.o
 .text.GPIO_PinLockConfig
                0x00000000       0x44 ..\obj\stm32f4xx_gpio.o
 .text.GPIO_ReadInputData
                0x00000000       0x18 ..\obj\stm32f4xx_gpio.o
 .text.GPIO_ReadOutputDataBit
                0x00000000       0x34 ..\obj\stm32f4xx_gpio.o
 .text.GPIO_ReadOutputData
                0x00000000       0x18 ..\obj\stm32f4xx_gpio.o
 .text.GPIO_SetBits
                0x00000000       0x1c ..\obj\stm32f4xx_gpio.o
 .text.GPIO_ResetBits
                0x00000000       0x1c ..\obj\stm32f4xx_gpio.o
 .text.GPIO_WriteBit
                0x00000000       0x30 ..\obj\stm32f4xx_gpio.o
 .text.GPIO_Write
                0x00000000       0x1c ..\obj\stm32f4xx_gpio.o
 .text.GPIO_ToggleBits
                0x00000000       0x24 ..\obj\stm32f4xx_gpio.o
 .text.GPIO_PinAFConfig
                0x00000000       0x90 ..\obj\stm32f4xx_gpio.o
 .text          0x00000000        0x0 ..\obj\system_stm32f4xx.o
 .bss           0x00000000        0x0 ..\obj\system_stm32f4xx.o
 .text          0x00000000        0x0 ..\obj\stm32f4xx_dma.o
 .data          0x00000000        0x0 ..\obj\stm32f4xx_dma.o
 .bss           0x00000000        0x0 ..\obj\stm32f4xx_dma.o
 .text.DMA_DeInit
                0x00000000      0x1a4 ..\obj\stm32f4xx_dma.o
 .text.DMA_Init
                0x00000000       0xac ..\obj\stm32f4xx_dma.o
 .text.DMA_StructInit
                0x00000000       0x6c ..\obj\stm32f4xx_dma.o
 .text.DMA_Cmd  0x00000000       0x38 ..\obj\stm32f4xx_dma.o
 .text.DMA_PeriphIncOffsetSizeConfig
                0x00000000       0x34 ..\obj\stm32f4xx_dma.o
 .text.DMA_FlowControllerConfig
                0x00000000       0x34 ..\obj\stm32f4xx_dma.o
 .text.DMA_SetCurrDataCounter
                0x00000000       0x1c ..\obj\stm32f4xx_dma.o
 .text.DMA_GetCurrDataCounter
                0x00000000       0x18 ..\obj\stm32f4xx_dma.o
 .text.DMA_DoubleBufferModeConfig
                0x00000000       0x3c ..\obj\stm32f4xx_dma.o
 .text.DMA_DoubleBufferModeCmd
                0x00000000       0x38 ..\obj\stm32f4xx_dma.o
 .text.DMA_MemoryTargetConfig
                0x00000000       0x2c ..\obj\stm32f4xx_dma.o
 .text.DMA_GetCurrentMemoryTarget
                0x00000000       0x30 ..\obj\stm32f4xx_dma.o
 .text.DMA_GetCmdStatus
                0x00000000       0x30 ..\obj\stm32f4xx_dma.o
 .text.DMA_GetFIFOStatus
                0x00000000       0x24 ..\obj\stm32f4xx_dma.o
 .text.DMA_GetFlagStatus
                0x00000000       0x74 ..\obj\stm32f4xx_dma.o
 .text.DMA_ClearFlag
                0x00000000       0x5c ..\obj\stm32f4xx_dma.o
 .text.DMA_ITConfig
                0x00000000       0x74 ..\obj\stm32f4xx_dma.o
 .text.DMA_GetITStatus
                0x00000000       0xac ..\obj\stm32f4xx_dma.o
 .text.DMA_ClearITPendingBit
                0x00000000       0x5c ..\obj\stm32f4xx_dma.o
 .debug_info    0x00000000      0x741 ..\obj\stm32f4xx_dma.o
 .debug_abbrev  0x00000000      0x157 ..\obj\stm32f4xx_dma.o
 .debug_aranges
                0x00000000       0xb0 ..\obj\stm32f4xx_dma.o
 .debug_ranges  0x00000000       0xa0 ..\obj\stm32f4xx_dma.o
 .debug_line    0x00000000      0x41e ..\obj\stm32f4xx_dma.o
 .debug_str     0x00000000      0x537 ..\obj\stm32f4xx_dma.o
 .comment       0x00000000       0x6f ..\obj\stm32f4xx_dma.o
 .debug_frame   0x00000000      0x308 ..\obj\stm32f4xx_dma.o
 .ARM.attributes
                0x00000000       0x33 ..\obj\stm32f4xx_dma.o
 .text          0x00000000        0x0 ..\obj\stm32f4xx_spi.o
 .data          0x00000000        0x0 ..\obj\stm32f4xx_spi.o
 .bss           0x00000000        0x0 ..\obj\stm32f4xx_spi.o
 .text.SPI_I2S_DeInit
                0x00000000       0x74 ..\obj\stm32f4xx_spi.o
 .text.SPI_Init
                0x00000000       0x88 ..\obj\stm32f4xx_spi.o
 .text.I2S_Init
                0x00000000      0x1b4 ..\obj\stm32f4xx_spi.o
 .text.SPI_StructInit
                0x00000000       0x48 ..\obj\stm32f4xx_spi.o
 .text.I2S_StructInit
                0x00000000       0x38 ..\obj\stm32f4xx_spi.o
 .text.SPI_Cmd  0x00000000       0x40 ..\obj\stm32f4xx_spi.o
 .text.I2S_Cmd  0x00000000       0x40 ..\obj\stm32f4xx_spi.o
 .text.SPI_DataSizeConfig
                0x00000000       0x38 ..\obj\stm32f4xx_spi.o
 .text.SPI_BiDirectionalLineConfig
                0x00000000       0x40 ..\obj\stm32f4xx_spi.o
 .text.SPI_NSSInternalSoftwareConfig
                0x00000000       0x44 ..\obj\stm32f4xx_spi.o
 .text.SPI_SSOutputCmd
                0x00000000       0x40 ..\obj\stm32f4xx_spi.o
 .text.SPI_TIModeCmd
                0x00000000       0x40 ..\obj\stm32f4xx_spi.o
 .text.I2S_FullDuplexConfig
                0x00000000       0x9c ..\obj\stm32f4xx_spi.o
 .text.SPI_I2S_ReceiveData
                0x00000000       0x18 ..\obj\stm32f4xx_spi.o
 .text.SPI_I2S_SendData
                0x00000000       0x1c ..\obj\stm32f4xx_spi.o
 .text.SPI_CalculateCRC
                0x00000000       0x40 ..\obj\stm32f4xx_spi.o
 .text.SPI_TransmitCRC
                0x00000000       0x24 ..\obj\stm32f4xx_spi.o
 .text.SPI_GetCRC
                0x00000000       0x30 ..\obj\stm32f4xx_spi.o
 .text.SPI_GetCRCPolynomial
                0x00000000       0x18 ..\obj\stm32f4xx_spi.o
 .text.SPI_I2S_DMACmd
                0x00000000       0x48 ..\obj\stm32f4xx_spi.o
 .text.SPI_I2S_ITConfig
                0x00000000       0x60 ..\obj\stm32f4xx_spi.o
 .text.SPI_I2S_GetFlagStatus
                0x00000000       0x38 ..\obj\stm32f4xx_spi.o
 .text.SPI_I2S_ClearFlag
                0x00000000       0x20 ..\obj\stm32f4xx_spi.o
 .text.SPI_I2S_GetITStatus
                0x00000000       0x74 ..\obj\stm32f4xx_spi.o
 .text.SPI_I2S_ClearITPendingBit
                0x00000000       0x34 ..\obj\stm32f4xx_spi.o
 .debug_info    0x00000000      0xb0f ..\obj\stm32f4xx_spi.o
 .debug_abbrev  0x00000000      0x169 ..\obj\stm32f4xx_spi.o
 .debug_aranges
                0x00000000       0xe0 ..\obj\stm32f4xx_spi.o
 .debug_ranges  0x00000000       0xd0 ..\obj\stm32f4xx_spi.o
 .debug_line    0x00000000      0x44d ..\obj\stm32f4xx_spi.o
 .debug_str     0x00000000      0x67f ..\obj\stm32f4xx_spi.o
 .comment       0x00000000       0x6f ..\obj\stm32f4xx_spi.o
 .debug_frame   0x00000000      0x3f4 ..\obj\stm32f4xx_spi.o
 .ARM.attributes
                0x00000000       0x33 ..\obj\stm32f4xx_spi.o
 .text          0x00000000        0x0 ..\obj\stm32f4xx_i2c.o
 .data          0x00000000        0x0 ..\obj\stm32f4xx_i2c.o
 .bss           0x00000000        0x0 ..\obj\stm32f4xx_i2c.o
 .text.I2C_DeInit
                0x00000000       0x74 ..\obj\stm32f4xx_i2c.o
 .text.I2C_Init
                0x00000000      0x184 ..\obj\stm32f4xx_i2c.o
 .text.I2C_StructInit
                0x00000000       0x3c ..\obj\stm32f4xx_i2c.o
 .text.I2C_Cmd  0x00000000       0x40 ..\obj\stm32f4xx_i2c.o
 .text.I2C_GenerateSTART
                0x00000000       0x40 ..\obj\stm32f4xx_i2c.o
 .text.I2C_GenerateSTOP
                0x00000000       0x40 ..\obj\stm32f4xx_i2c.o
 .text.I2C_Send7bitAddress
                0x00000000       0x3c ..\obj\stm32f4xx_i2c.o
 .text.I2C_AcknowledgeConfig
                0x00000000       0x40 ..\obj\stm32f4xx_i2c.o
 .text.I2C_OwnAddress2Config
                0x00000000       0x44 ..\obj\stm32f4xx_i2c.o
 .text.I2C_DualAddressCmd
                0x00000000       0x40 ..\obj\stm32f4xx_i2c.o
 .text.I2C_GeneralCallCmd
                0x00000000       0x40 ..\obj\stm32f4xx_i2c.o
 .text.I2C_SoftwareResetCmd
                0x00000000       0x44 ..\obj\stm32f4xx_i2c.o
 .text.I2C_StretchClockCmd
                0x00000000       0x40 ..\obj\stm32f4xx_i2c.o
 .text.I2C_FastModeDutyCycleConfig
                0x00000000       0x40 ..\obj\stm32f4xx_i2c.o
 .text.I2C_NACKPositionConfig
                0x00000000       0x40 ..\obj\stm32f4xx_i2c.o
 .text.I2C_SMBusAlertConfig
                0x00000000       0x40 ..\obj\stm32f4xx_i2c.o
 .text.I2C_ARPCmd
                0x00000000       0x40 ..\obj\stm32f4xx_i2c.o
 .text.I2C_SendData
                0x00000000       0x20 ..\obj\stm32f4xx_i2c.o
 .text.I2C_ReceiveData
                0x00000000       0x1c ..\obj\stm32f4xx_i2c.o
 .text.I2C_TransmitPEC
                0x00000000       0x40 ..\obj\stm32f4xx_i2c.o
 .text.I2C_PECPositionConfig
                0x00000000       0x40 ..\obj\stm32f4xx_i2c.o
 .text.I2C_CalculatePEC
                0x00000000       0x40 ..\obj\stm32f4xx_i2c.o
 .text.I2C_GetPEC
                0x00000000       0x20 ..\obj\stm32f4xx_i2c.o
 .text.I2C_DMACmd
                0x00000000       0x40 ..\obj\stm32f4xx_i2c.o
 .text.I2C_DMALastTransferCmd
                0x00000000       0x40 ..\obj\stm32f4xx_i2c.o
 .text.I2C_ReadRegister
                0x00000000       0x2c ..\obj\stm32f4xx_i2c.o
 .text.I2C_ITConfig
                0x00000000       0x48 ..\obj\stm32f4xx_i2c.o
 .text.I2C_CheckEvent
                0x00000000       0x60 ..\obj\stm32f4xx_i2c.o
 .text.I2C_GetLastEvent
                0x00000000       0x44 ..\obj\stm32f4xx_i2c.o
 .text.I2C_GetFlagStatus
                0x00000000       0x64 ..\obj\stm32f4xx_i2c.o
 .text.I2C_ClearFlag
                0x00000000       0x2c ..\obj\stm32f4xx_i2c.o
 .text.I2C_GetITStatus
                0x00000000       0x58 ..\obj\stm32f4xx_i2c.o
 .text.I2C_ClearITPendingBit
                0x00000000       0x2c ..\obj\stm32f4xx_i2c.o
 .debug_info    0x00000000      0xb00 ..\obj\stm32f4xx_i2c.o
 .debug_abbrev  0x00000000      0x166 ..\obj\stm32f4xx_i2c.o
 .debug_aranges
                0x00000000      0x120 ..\obj\stm32f4xx_i2c.o
 .debug_ranges  0x00000000      0x110 ..\obj\stm32f4xx_i2c.o
 .debug_line    0x00000000      0x4df ..\obj\stm32f4xx_i2c.o
 .debug_str     0x00000000      0x65a ..\obj\stm32f4xx_i2c.o
 .comment       0x00000000       0x6f ..\obj\stm32f4xx_i2c.o
 .debug_frame   0x00000000      0x530 ..\obj\stm32f4xx_i2c.o
 .ARM.attributes
                0x00000000       0x33 ..\obj\stm32f4xx_i2c.o
 .text          0x00000000        0x0 ..\obj\stm32f4xx_exti.o
 .data          0x00000000        0x0 ..\obj\stm32f4xx_exti.o
 .bss           0x00000000        0x0 ..\obj\stm32f4xx_exti.o
 .text.EXTI_DeInit
                0x00000000       0x34 ..\obj\stm32f4xx_exti.o
 .text.EXTI_Init
                0x00000000       0xe4 ..\obj\stm32f4xx_exti.o
 .text.EXTI_StructInit
                0x00000000       0x2c ..\obj\stm32f4xx_exti.o
 .text.EXTI_GenerateSWInterrupt
                0x00000000       0x24 ..\obj\stm32f4xx_exti.o
 .text.EXTI_GetFlagStatus
                0x00000000       0x34 ..\obj\stm32f4xx_exti.o
 .text.EXTI_ClearFlag
                0x00000000       0x1c ..\obj\stm32f4xx_exti.o
 .text.EXTI_GetITStatus
                0x00000000       0x48 ..\obj\stm32f4xx_exti.o
 .text.EXTI_ClearITPendingBit
                0x00000000       0x1c ..\obj\stm32f4xx_exti.o
 .debug_info    0x00000000      0x357 ..\obj\stm32f4xx_exti.o
 .debug_abbrev  0x00000000      0x1a9 ..\obj\stm32f4xx_exti.o
 .debug_aranges
                0x00000000       0x58 ..\obj\stm32f4xx_exti.o
 .debug_ranges  0x00000000       0x48 ..\obj\stm32f4xx_exti.o
 .debug_line    0x00000000      0x295 ..\obj\stm32f4xx_exti.o
 .debug_str     0x00000000      0x34e ..\obj\stm32f4xx_exti.o
 .comment       0x00000000       0x6f ..\obj\stm32f4xx_exti.o
 .debug_frame   0x00000000      0x148 ..\obj\stm32f4xx_exti.o
 .ARM.attributes
                0x00000000       0x33 ..\obj\stm32f4xx_exti.o
 .text          0x00000000        0x0 ..\obj\misc.o
 .data          0x00000000        0x0 ..\obj\misc.o
 .bss           0x00000000        0x0 ..\obj\misc.o
 .text.NVIC_SetVectorTable
                0x00000000       0x2c ..\obj\misc.o
 .text.NVIC_SystemLPConfig
                0x00000000       0x40 ..\obj\misc.o
 .text.SysTick_CLKSourceConfig
                0x00000000       0x38 ..\obj\misc.o
 .text          0x00000000        0x0 ..\obj\tm_stm32f4_gpio.o
 .data          0x00000000        0x0 ..\obj\tm_stm32f4_gpio.o
 .text.TM_GPIO_InitAlternate
                0x00000000       0xa8 ..\obj\tm_stm32f4_gpio.o
 .text.TM_GPIO_DeInit
                0x00000000       0x80 ..\obj\tm_stm32f4_gpio.o
 .text.TM_GPIO_SetPinAsInput
                0x00000000       0x50 ..\obj\tm_stm32f4_gpio.o
 .text.TM_GPIO_SetPinAsOutput
                0x00000000       0x5c ..\obj\tm_stm32f4_gpio.o
 .text.TM_GPIO_SetPinAsAnalog
                0x00000000       0x4c ..\obj\tm_stm32f4_gpio.o
 .text.TM_GPIO_SetPinAsAlternate
                0x00000000       0x60 ..\obj\tm_stm32f4_gpio.o
 .text.TM_GPIO_SetPullResistor
                0x00000000       0x64 ..\obj\tm_stm32f4_gpio.o
 .text.TM_GPIO_Lock
                0x00000000       0x38 ..\obj\tm_stm32f4_gpio.o
 .text.TM_GPIO_GetPinSource
                0x00000000       0x30 ..\obj\tm_stm32f4_gpio.o
 .text.TM_GPIO_INT_DisableClock
                0x00000000       0x30 ..\obj\tm_stm32f4_gpio.o
 .text.TM_GPIO_GetUsedPins
                0x00000000       0x24 ..\obj\tm_stm32f4_gpio.o
 .text.TM_GPIO_GetFreePins
                0x00000000       0x28 ..\obj\tm_stm32f4_gpio.o
 .text          0x00000000        0x0 ..\obj\stm32f4xx_tim.o
 .data          0x00000000        0x0 ..\obj\stm32f4xx_tim.o
 .bss           0x00000000        0x0 ..\obj\stm32f4xx_tim.o
 .text.TIM_DeInit
                0x00000000      0x1c0 ..\obj\stm32f4xx_tim.o
 .text.TIM_TimeBaseStructInit
                0x00000000       0x34 ..\obj\stm32f4xx_tim.o
 .text.TIM_PrescalerConfig
                0x00000000       0x28 ..\obj\stm32f4xx_tim.o
 .text.TIM_CounterModeConfig
                0x00000000       0x38 ..\obj\stm32f4xx_tim.o
 .text.TIM_SetCounter
                0x00000000       0x1c ..\obj\stm32f4xx_tim.o
 .text.TIM_SetAutoreload
                0x00000000       0x1c ..\obj\stm32f4xx_tim.o
 .text.TIM_GetCounter
                0x00000000       0x18 ..\obj\stm32f4xx_tim.o
 .text.TIM_GetPrescaler
                0x00000000       0x18 ..\obj\stm32f4xx_tim.o
 .text.TIM_UpdateDisableConfig
                0x00000000       0x40 ..\obj\stm32f4xx_tim.o
 .text.TIM_UpdateRequestConfig
                0x00000000       0x40 ..\obj\stm32f4xx_tim.o
 .text.TIM_ARRPreloadConfig
                0x00000000       0x40 ..\obj\stm32f4xx_tim.o
 .text.TIM_SelectOnePulseMode
                0x00000000       0x38 ..\obj\stm32f4xx_tim.o
 .text.TIM_SetClockDivision
                0x00000000       0x38 ..\obj\stm32f4xx_tim.o
 .text.TIM_OC1Init
                0x00000000       0xf4 ..\obj\stm32f4xx_tim.o
 .text.TIM_OC2Init
                0x00000000      0x110 ..\obj\stm32f4xx_tim.o
 .text.TIM_OC3Init
                0x00000000      0x10c ..\obj\stm32f4xx_tim.o
 .text.TIM_OC4Init
                0x00000000       0xcc ..\obj\stm32f4xx_tim.o
 .text.TIM_OCStructInit
                0x00000000       0x44 ..\obj\stm32f4xx_tim.o
 .text.TIM_SelectOCxM
                0x00000000       0xb0 ..\obj\stm32f4xx_tim.o
 .text.TIM_SetCompare1
                0x00000000       0x1c ..\obj\stm32f4xx_tim.o
 .text.TIM_SetCompare2
                0x00000000       0x1c ..\obj\stm32f4xx_tim.o
 .text.TIM_SetCompare3
                0x00000000       0x1c ..\obj\stm32f4xx_tim.o
 .text.TIM_SetCompare4
                0x00000000       0x1c ..\obj\stm32f4xx_tim.o
 .text.TIM_ForcedOC1Config
                0x00000000       0x38 ..\obj\stm32f4xx_tim.o
 .text.TIM_ForcedOC2Config
                0x00000000       0x3c ..\obj\stm32f4xx_tim.o
 .text.TIM_ForcedOC3Config
                0x00000000       0x38 ..\obj\stm32f4xx_tim.o
 .text.TIM_ForcedOC4Config
                0x00000000       0x3c ..\obj\stm32f4xx_tim.o
 .text.TIM_OC1PreloadConfig
                0x00000000       0x38 ..\obj\stm32f4xx_tim.o
 .text.TIM_OC2PreloadConfig
                0x00000000       0x3c ..\obj\stm32f4xx_tim.o
 .text.TIM_OC3PreloadConfig
                0x00000000       0x38 ..\obj\stm32f4xx_tim.o
 .text.TIM_OC4PreloadConfig
                0x00000000       0x3c ..\obj\stm32f4xx_tim.o
 .text.TIM_OC1FastConfig
                0x00000000       0x38 ..\obj\stm32f4xx_tim.o
 .text.TIM_OC2FastConfig
                0x00000000       0x3c ..\obj\stm32f4xx_tim.o
 .text.TIM_OC3FastConfig
                0x00000000       0x38 ..\obj\stm32f4xx_tim.o
 .text.TIM_OC4FastConfig
                0x00000000       0x3c ..\obj\stm32f4xx_tim.o
 .text.TIM_ClearOC1Ref
                0x00000000       0x38 ..\obj\stm32f4xx_tim.o
 .text.TIM_ClearOC2Ref
                0x00000000       0x3c ..\obj\stm32f4xx_tim.o
 .text.TIM_ClearOC3Ref
                0x00000000       0x38 ..\obj\stm32f4xx_tim.o
 .text.TIM_ClearOC4Ref
                0x00000000       0x3c ..\obj\stm32f4xx_tim.o
 .text.TIM_OC1PolarityConfig
                0x00000000       0x38 ..\obj\stm32f4xx_tim.o
 .text.TIM_OC1NPolarityConfig
                0x00000000       0x38 ..\obj\stm32f4xx_tim.o
 .text.TIM_OC2PolarityConfig
                0x00000000       0x3c ..\obj\stm32f4xx_tim.o
 .text.TIM_OC2NPolarityConfig
                0x00000000       0x3c ..\obj\stm32f4xx_tim.o
 .text.TIM_OC3PolarityConfig
                0x00000000       0x3c ..\obj\stm32f4xx_tim.o
 .text.TIM_OC3NPolarityConfig
                0x00000000       0x3c ..\obj\stm32f4xx_tim.o
 .text.TIM_OC4PolarityConfig
                0x00000000       0x3c ..\obj\stm32f4xx_tim.o
 .text.TIM_CCxCmd
                0x00000000       0x54 ..\obj\stm32f4xx_tim.o
 .text.TIM_CCxNCmd
                0x00000000       0x54 ..\obj\stm32f4xx_tim.o
 .text.TIM_ICInit
                0x00000000       0xa8 ..\obj\stm32f4xx_tim.o
 .text.TIM_ICStructInit
                0x00000000       0x30 ..\obj\stm32f4xx_tim.o
 .text.TIM_PWMIConfig
                0x00000000       0xb8 ..\obj\stm32f4xx_tim.o
 .text.TIM_GetCapture1
                0x00000000       0x18 ..\obj\stm32f4xx_tim.o
 .text.TIM_GetCapture2
                0x00000000       0x18 ..\obj\stm32f4xx_tim.o
 .text.TIM_GetCapture3
                0x00000000       0x18 ..\obj\stm32f4xx_tim.o
 .text.TIM_GetCapture4
                0x00000000       0x18 ..\obj\stm32f4xx_tim.o
 .text.TIM_SetIC1Prescaler
                0x00000000       0x38 ..\obj\stm32f4xx_tim.o
 .text.TIM_SetIC2Prescaler
                0x00000000       0x3c ..\obj\stm32f4xx_tim.o
 .text.TIM_SetIC3Prescaler
                0x00000000       0x38 ..\obj\stm32f4xx_tim.o
 .text.TIM_SetIC4Prescaler
                0x00000000       0x3c ..\obj\stm32f4xx_tim.o
 .text.TIM_BDTRConfig
                0x00000000       0x50 ..\obj\stm32f4xx_tim.o
 .text.TIM_BDTRStructInit
                0x00000000       0x3c ..\obj\stm32f4xx_tim.o
 .text.TIM_CtrlPWMOutputs
                0x00000000       0x4c ..\obj\stm32f4xx_tim.o
 .text.TIM_SelectCOM
                0x00000000       0x40 ..\obj\stm32f4xx_tim.o
 .text.TIM_CCPreloadControl
                0x00000000       0x40 ..\obj\stm32f4xx_tim.o
 .text.TIM_GenerateEvent
                0x00000000       0x1c ..\obj\stm32f4xx_tim.o
 .text.TIM_GetFlagStatus
                0x00000000       0x38 ..\obj\stm32f4xx_tim.o
 .text.TIM_ClearFlag
                0x00000000       0x20 ..\obj\stm32f4xx_tim.o
 .text.TIM_DMAConfig
                0x00000000       0x28 ..\obj\stm32f4xx_tim.o
 .text.TIM_DMACmd
                0x00000000       0x48 ..\obj\stm32f4xx_tim.o
 .text.TIM_SelectCCDMA
                0x00000000       0x40 ..\obj\stm32f4xx_tim.o
 .text.TIM_InternalClockConfig
                0x00000000       0x24 ..\obj\stm32f4xx_tim.o
 .text.TIM_ITRxExternalClockConfig
                0x00000000       0x30 ..\obj\stm32f4xx_tim.o
 .text.TIM_TIxExternalClockConfig
                0x00000000       0x5c ..\obj\stm32f4xx_tim.o
 .text.TIM_ETRClockMode1Config
                0x00000000       0x60 ..\obj\stm32f4xx_tim.o
 .text.TIM_ETRClockMode2Config
                0x00000000       0x40 ..\obj\stm32f4xx_tim.o
 .text.TIM_SelectInputTrigger
                0x00000000       0x38 ..\obj\stm32f4xx_tim.o
 .text.TIM_SelectOutputTrigger
                0x00000000       0x38 ..\obj\stm32f4xx_tim.o
 .text.TIM_SelectSlaveMode
                0x00000000       0x38 ..\obj\stm32f4xx_tim.o
 .text.TIM_SelectMasterSlaveMode
                0x00000000       0x38 ..\obj\stm32f4xx_tim.o
 .text.TIM_ETRConfig
                0x00000000       0x54 ..\obj\stm32f4xx_tim.o
 .text.TIM_EncoderInterfaceConfig
                0x00000000       0x98 ..\obj\stm32f4xx_tim.o
 .text.TIM_SelectHallSensor
                0x00000000       0x40 ..\obj\stm32f4xx_tim.o
 .text.TIM_RemapConfig
                0x00000000       0x20 ..\obj\stm32f4xx_tim.o
 .text.TI1_Config
                0x00000000       0x84 ..\obj\stm32f4xx_tim.o
 .text.TI2_Config
                0x00000000       0x98 ..\obj\stm32f4xx_tim.o
 .text.TI3_Config
                0x00000000       0x90 ..\obj\stm32f4xx_tim.o
 .text.TI4_Config
                0x00000000       0x9c ..\obj\stm32f4xx_tim.o
 .data          0x00000000        0x0 c:/program files (x86)/gnu tools arm embedded/5.4 2016q3/bin/../lib/gcc/arm-none-eabi/5.4.1/armv7e-m\libgcc.a(_arm_addsubdf3.o)
 .bss           0x00000000        0x0 c:/program files (x86)/gnu tools arm embedded/5.4 2016q3/bin/../lib/gcc/arm-none-eabi/5.4.1/armv7e-m\libgcc.a(_arm_addsubdf3.o)
 .data          0x00000000        0x0 c:/program files (x86)/gnu tools arm embedded/5.4 2016q3/bin/../lib/gcc/arm-none-eabi/5.4.1/armv7e-m\libgcc.a(_arm_muldivdf3.o)
 .bss           0x00000000        0x0 c:/program files (x86)/gnu tools arm embedded/5.4 2016q3/bin/../lib/gcc/arm-none-eabi/5.4.1/armv7e-m\libgcc.a(_arm_muldivdf3.o)
 .data          0x00000000        0x0 c:/program files (x86)/gnu tools arm embedded/5.4 2016q3/bin/../lib/gcc/arm-none-eabi/5.4.1/armv7e-m\libgcc.a(_arm_cmpdf2.o)
 .bss           0x00000000        0x0 c:/program files (x86)/gnu tools arm embedded/5.4 2016q3/bin/../lib/gcc/arm-none-eabi/5.4.1/armv7e-m\libgcc.a(_arm_cmpdf2.o)

Memory Configuration

Name             Origin             Length             Attributes
rom              0x08000000         0x00100000         xr
ram              0x20000000         0x00020000         xrw
ram1             0x10000000         0x00010000         xrw
*default*        0x00000000         0xffffffff

Linker script and memory map

                0x20020000                _eram = 0x20020000

.text           0x08000000     0x1da8
 *(.isr_vector)
 .isr_vector    0x08000000      0x188 ..\obj\startup_stm32f4xx.o
                0x08000000                g_pfnVectors
 *(.text*)
 .text.Button_init
                0x08000188       0x38 ..\obj\biblioteka.o
                0x08000188                Button_init
 .text.TIM3_init
                0x080001c0       0x4c ..\obj\biblioteka.o
                0x080001c0                TIM3_init
 .text.TIM3_inter
                0x0800020c       0x48 ..\obj\biblioteka.o
                0x0800020c                TIM3_inter
 .text.TM_ADC_Init
                0x08000254       0xfc ..\obj\tm_stm32f4_adc.o
                0x08000254                TM_ADC_Init
 .text.TM_ADC_InitADC
                0x08000350       0xbc ..\obj\tm_stm32f4_adc.o
                0x08000350                TM_ADC_InitADC
 .text.TM_ADC_Read
                0x0800040c       0x54 ..\obj\tm_stm32f4_adc.o
                0x0800040c                TM_ADC_Read
 .text.TM_ADC_INT_Channel_0_Init
                0x08000460       0x1c ..\obj\tm_stm32f4_adc.o
                0x08000460                TM_ADC_INT_Channel_0_Init
 .text.TM_ADC_INT_Channel_1_Init
                0x0800047c       0x1c ..\obj\tm_stm32f4_adc.o
                0x0800047c                TM_ADC_INT_Channel_1_Init
 .text.TM_ADC_INT_Channel_2_Init
                0x08000498       0x1c ..\obj\tm_stm32f4_adc.o
                0x08000498                TM_ADC_INT_Channel_2_Init
 .text.TM_ADC_INT_Channel_3_Init
                0x080004b4       0x1c ..\obj\tm_stm32f4_adc.o
                0x080004b4                TM_ADC_INT_Channel_3_Init
 .text.TM_ADC_INT_Channel_4_Init
                0x080004d0       0x4c ..\obj\tm_stm32f4_adc.o
                0x080004d0                TM_ADC_INT_Channel_4_Init
 .text.TM_ADC_INT_Channel_5_Init
                0x0800051c       0x4c ..\obj\tm_stm32f4_adc.o
                0x0800051c                TM_ADC_INT_Channel_5_Init
 .text.TM_ADC_INT_Channel_6_Init
                0x08000568       0x50 ..\obj\tm_stm32f4_adc.o
                0x08000568                TM_ADC_INT_Channel_6_Init
 .text.TM_ADC_INT_Channel_7_Init
                0x080005b8       0x50 ..\obj\tm_stm32f4_adc.o
                0x080005b8                TM_ADC_INT_Channel_7_Init
 .text.TM_ADC_INT_Channel_8_Init
                0x08000608       0x50 ..\obj\tm_stm32f4_adc.o
                0x08000608                TM_ADC_INT_Channel_8_Init
 .text.TM_ADC_INT_Channel_9_Init
                0x08000658       0x4c ..\obj\tm_stm32f4_adc.o
                0x08000658                TM_ADC_INT_Channel_9_Init
 .text.TM_ADC_INT_Channel_10_Init
                0x080006a4       0x1c ..\obj\tm_stm32f4_adc.o
                0x080006a4                TM_ADC_INT_Channel_10_Init
 .text.TM_ADC_INT_Channel_11_Init
                0x080006c0       0x1c ..\obj\tm_stm32f4_adc.o
                0x080006c0                TM_ADC_INT_Channel_11_Init
 .text.TM_ADC_INT_Channel_12_Init
                0x080006dc       0x1c ..\obj\tm_stm32f4_adc.o
                0x080006dc                TM_ADC_INT_Channel_12_Init
 .text.TM_ADC_INT_Channel_13_Init
                0x080006f8       0x1c ..\obj\tm_stm32f4_adc.o
                0x080006f8                TM_ADC_INT_Channel_13_Init
 .text.TM_ADC_INT_Channel_14_Init
                0x08000714       0x4c ..\obj\tm_stm32f4_adc.o
                0x08000714                TM_ADC_INT_Channel_14_Init
 .text.TM_ADC_INT_Channel_15_Init
                0x08000760       0x50 ..\obj\tm_stm32f4_adc.o
                0x08000760                TM_ADC_INT_Channel_15_Init
 .text.TM_ADC_INT_InitPin
                0x080007b0       0x28 ..\obj\tm_stm32f4_adc.o
                0x080007b0                TM_ADC_INT_InitPin
 .text.Default_Reset_Handler
                0x080007d8       0x5c ..\obj\startup_stm32f4xx.o
                0x080007d8                Default_Reset_Handler
                0x080007d8                Reset_Handler
 .text.Default_Handler
                0x08000834        0x8 ..\obj\startup_stm32f4xx.o
                0x08000834                RTC_Alarm_IRQHandler
                0x08000834                HASH_RNG_IRQHandler
                0x08000834                EXTI2_IRQHandler
                0x08000834                TIM8_CC_IRQHandler
                0x08000834                DebugMon_Handler
                0x08000834                TIM1_CC_IRQHandler
                0x08000834                DMA2_Stream5_IRQHandler
                0x08000834                HardFault_Handler
                0x08000834                DMA1_Stream5_IRQHandler
                0x08000834                SysTick_Handler
                0x08000834                PVD_IRQHandler
                0x08000834                SDIO_IRQHandler
                0x08000834                TAMP_STAMP_IRQHandler
                0x08000834                PendSV_Handler
                0x08000834                NMI_Handler
                0x08000834                CAN2_RX1_IRQHandler
                0x08000834                EXTI3_IRQHandler
                0x08000834                TIM8_TRG_COM_TIM14_IRQHandler
                0x08000834                TIM1_UP_TIM10_IRQHandler
                0x08000834                TIM8_UP_TIM13_IRQHandler
                0x08000834                I2C3_ER_IRQHandler
                0x08000834                EXTI0_IRQHandler
                0x08000834                I2C2_EV_IRQHandler
                0x08000834                DMA1_Stream2_IRQHandler
                0x08000834                CAN1_RX0_IRQHandler
                0x08000834                FPU_IRQHandler
                0x08000834                OTG_HS_WKUP_IRQHandler
                0x08000834                UsageFault_Handler
                0x08000834                CAN2_SCE_IRQHandler
                0x08000834                DMA2_Stream2_IRQHandler
                0x08000834                SPI1_IRQHandler
                0x08000834                TIM6_DAC_IRQHandler
                0x08000834                TIM1_BRK_TIM9_IRQHandler
                0x08000834                DCMI_IRQHandler
                0x08000834                CAN2_RX0_IRQHandler
                0x08000834                DMA2_Stream3_IRQHandler
                0x08000834                USART6_IRQHandler
                0x08000834                USART3_IRQHandler
                0x08000834                CRYP_IRQHandler
                0x08000834                CAN1_RX1_IRQHandler
                0x08000834                UART5_IRQHandler
                0x08000834                DMA2_Stream0_IRQHandler
                0x08000834                TIM4_IRQHandler
                0x08000834                I2C1_EV_IRQHandler
                0x08000834                DMA1_Stream6_IRQHandler
                0x08000834                DMA1_Stream1_IRQHandler
                0x08000834                UART4_IRQHandler
                0x08000834                RCC_IRQHandler
                0x08000834                TIM8_BRK_TIM12_IRQHandler
                0x08000834                EXTI15_10_IRQHandler
                0x08000834                ADC_IRQHandler
                0x08000834                DMA1_Stream7_IRQHandler
                0x08000834                TIM7_IRQHandler
                0x08000834                CAN2_TX_IRQHandler
                0x08000834                TIM5_IRQHandler
                0x08000834                DMA2_Stream7_IRQHandler
                0x08000834                I2C3_EV_IRQHandler
                0x08000834                EXTI9_5_IRQHandler
                0x08000834                RTC_WKUP_IRQHandler
                0x08000834                ETH_WKUP_IRQHandler
                0x08000834                SPI2_IRQHandler
                0x08000834                OTG_HS_EP1_IN_IRQHandler
                0x08000834                MemManage_Handler
                0x08000834                DMA1_Stream0_IRQHandler
                0x08000834                CAN1_TX_IRQHandler
                0x08000834                SVC_Handler
                0x08000834                EXTI4_IRQHandler
                0x08000834                FSMC_IRQHandler
                0x08000834                ETH_IRQHandler
                0x08000834                OTG_HS_EP1_OUT_IRQHandler
                0x08000834                WWDG_IRQHandler
                0x08000834                TIM2_IRQHandler
                0x08000834                OTG_FS_WKUP_IRQHandler
                0x08000834                TIM1_TRG_COM_TIM11_IRQHandler
                0x08000834                OTG_HS_IRQHandler
                0x08000834                EXTI1_IRQHandler
                0x08000834                USART2_IRQHandler
                0x08000834                I2C2_ER_IRQHandler
                0x08000834                DMA2_Stream1_IRQHandler
                0x08000834                CAN1_SCE_IRQHandler
                0x08000834                FLASH_IRQHandler
                0x08000834                DMA2_Stream4_IRQHandler
                0x08000834                BusFault_Handler
                0x08000834                USART1_IRQHandler
                0x08000834                OTG_FS_IRQHandler
                0x08000834                SPI3_IRQHandler
                0x08000834                DMA1_Stream4_IRQHandler
                0x08000834                I2C1_ER_IRQHandler
                0x08000834                DMA2_Stream6_IRQHandler
                0x08000834                DMA1_Stream3_IRQHandler
 .text.TIM3_IRQHandler
                0x0800083c       0x30 ..\obj\main.o
                0x0800083c                TIM3_IRQHandler
 .text.main     0x0800086c      0x1e0 ..\obj\main.o
                0x0800086c                main
 .text.RCC_APB1PeriphClockCmd
                0x08000a4c       0x3c ..\obj\stm32f4xx_rcc.o
                0x08000a4c                RCC_APB1PeriphClockCmd
 .text.ADC_Init
                0x08000a88       0xa8 ..\obj\stm32f4xx_adc.o
                0x08000a88                ADC_Init
 .text.ADC_CommonInit
                0x08000b30       0x50 ..\obj\stm32f4xx_adc.o
                0x08000b30                ADC_CommonInit
 .text.ADC_RegularChannelConfig
                0x08000b80      0x194 ..\obj\stm32f4xx_adc.o
                0x08000b80                ADC_RegularChannelConfig
 .text.GPIO_Init
                0x08000d14      0x11c ..\obj\stm32f4xx_gpio.o
                0x08000d14                GPIO_Init
 .text.GPIO_ReadInputDataBit
                0x08000e30       0x34 ..\obj\stm32f4xx_gpio.o
                0x08000e30                GPIO_ReadInputDataBit
 .text.SystemInit
                0x08000e64       0x5c ..\obj\system_stm32f4xx.o
                0x08000e64                SystemInit
 .text.SystemCoreClockUpdate
                0x08000ec0       0xf8 ..\obj\system_stm32f4xx.o
                0x08000ec0                SystemCoreClockUpdate
 .text.SetSysClock
                0x08000fb8       0xf4 ..\obj\system_stm32f4xx.o
 .text.NVIC_PriorityGroupConfig
                0x080010ac       0x24 ..\obj\misc.o
                0x080010ac                NVIC_PriorityGroupConfig
 .text.NVIC_Init
                0x080010d0       0xc0 ..\obj\misc.o
                0x080010d0                NVIC_Init
 .text.TM_GPIO_Init
                0x08001190       0x48 ..\obj\tm_stm32f4_gpio.o
                0x08001190                TM_GPIO_Init
 .text.TM_GPIO_GetPortSource
                0x080011d8       0x20 ..\obj\tm_stm32f4_gpio.o
                0x080011d8                TM_GPIO_GetPortSource
 .text.TM_GPIO_INT_EnableClock
                0x080011f8       0x30 ..\obj\tm_stm32f4_gpio.o
                0x080011f8                TM_GPIO_INT_EnableClock
 .text.TM_GPIO_INT_Init
                0x08001228      0x10c ..\obj\tm_stm32f4_gpio.o
                0x08001228                TM_GPIO_INT_Init
 .text.TIM_TimeBaseInit
                0x08001334       0xd4 ..\obj\stm32f4xx_tim.o
                0x08001334                TIM_TimeBaseInit
 .text.TIM_Cmd  0x08001408       0x40 ..\obj\stm32f4xx_tim.o
                0x08001408                TIM_Cmd
 .text.TIM_ITConfig
                0x08001448       0x48 ..\obj\stm32f4xx_tim.o
                0x08001448                TIM_ITConfig
 .text.TIM_GetITStatus
                0x08001490       0x54 ..\obj\stm32f4xx_tim.o
                0x08001490                TIM_GetITStatus
 .text.TIM_ClearITPendingBit
                0x080014e4       0x20 ..\obj\stm32f4xx_tim.o
                0x080014e4                TIM_ClearITPendingBit
 .text          0x08001504      0x370 c:/program files (x86)/gnu tools arm embedded/5.4 2016q3/bin/../lib/gcc/arm-none-eabi/5.4.1/armv7e-m\libgcc.a(_arm_addsubdf3.o)
                0x08001504                __aeabi_drsub
                0x0800150c                __aeabi_dsub
                0x0800150c                __subdf3
                0x08001510                __aeabi_dadd
                0x08001510                __adddf3
                0x08001788                __floatunsidf
                0x08001788                __aeabi_ui2d
                0x080017a8                __floatsidf
                0x080017a8                __aeabi_i2d
                0x080017cc                __aeabi_f2d
                0x080017cc                __extendsfdf2
                0x08001808                __floatundidf
                0x08001808                __aeabi_ul2d
                0x08001818                __floatdidf
                0x08001818                __aeabi_l2d
 .text          0x08001874      0x424 c:/program files (x86)/gnu tools arm embedded/5.4 2016q3/bin/../lib/gcc/arm-none-eabi/5.4.1/armv7e-m\libgcc.a(_arm_muldivdf3.o)
                0x08001874                __aeabi_dmul
                0x08001874                __muldf3
                0x08001ac8                __divdf3
                0x08001ac8                __aeabi_ddiv
 .text          0x08001c98      0x110 c:/program files (x86)/gnu tools arm embedded/5.4 2016q3/bin/../lib/gcc/arm-none-eabi/5.4.1/armv7e-m\libgcc.a(_arm_cmpdf2.o)
                0x08001c98                __gtdf2
                0x08001c98                __gedf2
                0x08001ca0                __ltdf2
                0x08001ca0                __ledf2
                0x08001ca8                __nedf2
                0x08001ca8                __eqdf2
                0x08001ca8                __cmpdf2
                0x08001d24                __aeabi_cdrcmple
                0x08001d34                __aeabi_cdcmpeq
                0x08001d34                __aeabi_cdcmple
                0x08001d44                __aeabi_dcmpeq
                0x08001d58                __aeabi_dcmplt
                0x08001d6c                __aeabi_dcmple
                0x08001d80                __aeabi_dcmpge
                0x08001d94                __aeabi_dcmpgt
 *(.init)
 *(.fini)
 *crtbegin.o(.ctors)
 *crtbegin?.o(.ctors)
 *(EXCLUDE_FILE(*crtend.o *crtend?.o) .ctors)
 *(SORT(.ctors.*))
 *(.ctors)
 *crtbegin.o(.dtors)
 *crtbegin?.o(.dtors)
 *(EXCLUDE_FILE(*crtend.o *crtend?.o) .dtors)
 *(SORT(.dtors.*))
 *(.dtors)
 *(.rodata*)
 *(.eh_fram e*)

.glue_7         0x08001da8        0x0
 .glue_7        0x08001da8        0x0 linker stubs

.glue_7t        0x08001da8        0x0
 .glue_7t       0x08001da8        0x0 linker stubs

.vfp11_veneer   0x08001da8        0x0
 .vfp11_veneer  0x08001da8        0x0 linker stubs

.v4_bx          0x08001da8        0x0
 .v4_bx         0x08001da8        0x0 linker stubs

.iplt           0x08001da8        0x0
 .iplt          0x08001da8        0x0 ..\obj\stm32f4xx_syscfg.o

.rel.dyn        0x08001da8        0x0
 .rel.iplt      0x08001da8        0x0 ..\obj\stm32f4xx_syscfg.o

.ARM.extab
 *(.ARM.extab* .gnu.linkonce.armextab.*)
                0x08001da8                __exidx_start = .

.ARM.exidx
 *(.ARM.exidx* .gnu.linkonce.armexidx.*)
                0x08001da8                __exidx_end = .
                0x08001da8                __etext = .
                0x08001da8                _sidata = __etext

.data           0x20000000       0x20 load address 0x08001da8
                0x20000000                __data_start__ = .
                0x20000000                _sdata = __data_start__
 *(vtable)
 *(.data*)
 .data          0x20000000        0xc ..\obj\main.o
                0x20000000                distance
                0x20000008                ignoreduration
 .data          0x2000000c       0x14 ..\obj\system_stm32f4xx.o
                0x2000000c                SystemCoreClock
                0x20000010                AHBPrescTable
                0x20000020                . = ALIGN (0x4)
                [!provide]                PROVIDE (__preinit_array_start, .)
 *(.preinit_array)
                [!provide]                PROVIDE (__preinit_array_end, .)
                0x20000020                . = ALIGN (0x4)
                [!provide]                PROVIDE (__init_array_start, .)
 *(SORT(.init_array.*))
 *(.init_array)
                [!provide]                PROVIDE (__init_array_end, .)
                0x20000020                . = ALIGN (0x4)
                [!provide]                PROVIDE (__fini_array_start, .)
 *(SORT(.fini_array.*))
 *(.fini_array)
                [!provide]                PROVIDE (__fini_array_end, .)
 *(.jcr*)
                0x20000020                . = ALIGN (0x4)
                0x20000020                __data_end__ = .
                0x20000020                _edata = __data_end__

.igot.plt       0x20000020        0x0 load address 0x08001dc8
 .igot.plt      0x20000020        0x0 ..\obj\stm32f4xx_syscfg.o

.bss            0x20000020       0xd0 load address 0x08001dc8
                0x20000020                . = ALIGN (0x4)
                0x20000020                __bss_start__ = .
                0x20000020                _sbss = __bss_start__
 *(.bss*)
 .bss           0x20000020       0x24 ..\obj\main.o
                0x20000020                speed
                0x20000028                time
                0x20000030                ms
                0x20000034                first
                0x20000038                grace
                0x2000003c                wait
                0x20000040                ignore
 .bss           0x20000044       0x16 ..\obj\tm_stm32f4_gpio.o
 *(COMMON)
 *fill*         0x2000005a        0x2 
 COMMON         0x2000005c       0x80 ..\obj\biblioteka.o
                0x2000005c                TIM_TimeBaseStructure
                0x20000068                ADC_InitStructure
                0x20000080                DAC_InitStructure
                0x20000090                TIM_OCInitStructure
                0x200000a4                valueFromADC
                0x200000a8                GPIO_InitStructure
                0x200000b0                USART_InitStructure
                0x200000c0                NVIC_InitStructure
                0x200000c4                EXTI_InitStructure
                0x200000cc                ADC_CommonInitStructure
 *fill*         0x200000dc        0x4 
 COMMON         0x200000e0       0x10 ..\obj\main.o
                0x200000e0                light
                0x200000e8                calibration
                0x200000f0                . = ALIGN (0x4)
                0x200000f0                __bss_end__ = .
                0x200000f0                _ebss = __bss_end__

.heap           0x200000f0        0x0
                0x200000f0                __end__ = .
                0x200000f0                _end = __end__
                0x200000f0                end = __end__
 *(.heap*)
                0x200000f0                __HeapLimit = .

.co_stack       0x200000f0      0x800 load address 0x08001e98
                0x200000f0                . = ALIGN (0x8)
 *(.co_stack .co_stack.*)
 .co_stack      0x200000f0      0x800 ..\obj\startup_stm32f4xx.o
                0x200000f0                pulStack
                0x20020000                __StackTop = (ORIGIN (ram) + LENGTH (ram))
                0x2001f800                __StackLimit = (__StackTop - SIZEOF (.co_stack))
                [!provide]                PROVIDE (__stack, __StackTop)
                0x00000001                ASSERT ((__StackLimit >= __HeapLimit), region ram  overflowed with stack)
LOAD ..\obj\stm32f4xx_syscfg.o
LOAD ..\obj\biblioteka.o
LOAD ..\obj\stm32f4xx_usart.o
LOAD ..\obj\tm_stm32f4_adc.o
LOAD ..\obj\stm32f4xx_dac.o
LOAD ..\obj\startup_stm32f4xx.o
LOAD ..\obj\main.o
LOAD ..\obj\stm32f4xx_rcc.o
LOAD ..\obj\stm32f4xx_adc.o
LOAD ..\obj\stm32f4xx_gpio.o
LOAD ..\obj\system_stm32f4xx.o
LOAD ..\obj\stm32f4xx_dma.o
LOAD ..\obj\stm32f4xx_spi.o
LOAD ..\obj\stm32f4xx_i2c.o
LOAD ..\obj\stm32f4xx_exti.o
LOAD ..\obj\misc.o
LOAD ..\obj\tm_stm32f4_gpio.o
LOAD ..\obj\stm32f4xx_tim.o
START GROUP
LOAD c:/program files (x86)/gnu tools arm embedded/5.4 2016q3/bin/../lib/gcc/arm-none-eabi/5.4.1/armv7e-m\libgcc.a
LOAD c:/program files (x86)/gnu tools arm embedded/5.4 2016q3/bin/../lib/gcc/arm-none-eabi/5.4.1/../../../../arm-none-eabi/lib/armv7e-m\libg.a
LOAD c:/program files (x86)/gnu tools arm embedded/5.4 2016q3/bin/../lib/gcc/arm-none-eabi/5.4.1/../../../../arm-none-eabi/lib/armv7e-m\libc.a
END GROUP
OUTPUT(projekto.elf elf32-littlearm)

.debug_info     0x00000000     0x75b4
 .debug_info    0x00000000     0x167c ..\obj\biblioteka.o
 .debug_info    0x0000167c      0x9d3 ..\obj\tm_stm32f4_adc.o
 .debug_info    0x0000204f       0xf2 ..\obj\startup_stm32f4xx.o
 .debug_info    0x00002141      0x5f5 ..\obj\main.o
 .debug_info    0x00002736      0xc63 ..\obj\stm32f4xx_rcc.o
 .debug_info    0x00003399      0xc40 ..\obj\stm32f4xx_adc.o
 .debug_info    0x00003fd9      0x61a ..\obj\stm32f4xx_gpio.o
 .debug_info    0x000045f3      0x5c5 ..\obj\system_stm32f4xx.o
 .debug_info    0x00004bb8      0x556 ..\obj\misc.o
 .debug_info    0x0000510e      0x83d ..\obj\tm_stm32f4_gpio.o
 .debug_info    0x0000594b     0x1c69 ..\obj\stm32f4xx_tim.o

.debug_abbrev   0x00000000     0x10bf
 .debug_abbrev  0x00000000      0x2cb ..\obj\biblioteka.o
 .debug_abbrev  0x000002cb      0x187 ..\obj\tm_stm32f4_adc.o
 .debug_abbrev  0x00000452       0xb0 ..\obj\startup_stm32f4xx.o
 .debug_abbrev  0x00000502      0x140 ..\obj\main.o
 .debug_abbrev  0x00000642      0x1e5 ..\obj\stm32f4xx_rcc.o
 .debug_abbrev  0x00000827      0x198 ..\obj\stm32f4xx_adc.o
 .debug_abbrev  0x000009bf      0x1a7 ..\obj\stm32f4xx_gpio.o
 .debug_abbrev  0x00000b66      0x138 ..\obj\system_stm32f4xx.o
 .debug_abbrev  0x00000c9e      0x147 ..\obj\misc.o
 .debug_abbrev  0x00000de5      0x151 ..\obj\tm_stm32f4_gpio.o
 .debug_abbrev  0x00000f36      0x189 ..\obj\stm32f4xx_tim.o

.debug_aranges  0x00000000      0x950
 .debug_aranges
                0x00000000       0xf0 ..\obj\biblioteka.o
 .debug_aranges
                0x000000f0       0xc8 ..\obj\tm_stm32f4_adc.o
 .debug_aranges
                0x000001b8       0x28 ..\obj\startup_stm32f4xx.o
 .debug_aranges
                0x000001e0       0x28 ..\obj\main.o
 .debug_aranges
                0x00000208      0x178 ..\obj\stm32f4xx_rcc.o
 .debug_aranges
                0x00000380      0x148 ..\obj\stm32f4xx_adc.o
 .debug_aranges
                0x000004c8       0x88 ..\obj\stm32f4xx_gpio.o
 .debug_aranges
                0x00000550       0x30 ..\obj\system_stm32f4xx.o
 .debug_aranges
                0x00000580       0x40 ..\obj\misc.o
 .debug_aranges
                0x000005c0       0x98 ..\obj\tm_stm32f4_gpio.o
 .debug_aranges
                0x00000658      0x2f8 ..\obj\stm32f4xx_tim.o

.debug_ranges   0x00000000      0x8a0
 .debug_ranges  0x00000000       0xe0 ..\obj\biblioteka.o
 .debug_ranges  0x000000e0       0xb8 ..\obj\tm_stm32f4_adc.o
 .debug_ranges  0x00000198       0x18 ..\obj\startup_stm32f4xx.o
 .debug_ranges  0x000001b0       0x18 ..\obj\main.o
 .debug_ranges  0x000001c8      0x168 ..\obj\stm32f4xx_rcc.o
 .debug_ranges  0x00000330      0x138 ..\obj\stm32f4xx_adc.o
 .debug_ranges  0x00000468       0x78 ..\obj\stm32f4xx_gpio.o
 .debug_ranges  0x000004e0       0x20 ..\obj\system_stm32f4xx.o
 .debug_ranges  0x00000500       0x30 ..\obj\misc.o
 .debug_ranges  0x00000530       0x88 ..\obj\tm_stm32f4_gpio.o
 .debug_ranges  0x000005b8      0x2e8 ..\obj\stm32f4xx_tim.o

.debug_line     0x00000000     0x2cef
 .debug_line    0x00000000      0x608 ..\obj\biblioteka.o
 .debug_line    0x00000608      0x405 ..\obj\tm_stm32f4_adc.o
 .debug_line    0x00000a0d       0x96 ..\obj\startup_stm32f4xx.o
 .debug_line    0x00000aa3      0x1d5 ..\obj\main.o
 .debug_line    0x00000c78      0x599 ..\obj\stm32f4xx_rcc.o
 .debug_line    0x00001211      0x551 ..\obj\stm32f4xx_adc.o
 .debug_line    0x00001762      0x354 ..\obj\stm32f4xx_gpio.o
 .debug_line    0x00001ab6      0x1ec ..\obj\system_stm32f4xx.o
 .debug_line    0x00001ca2      0x232 ..\obj\misc.o
 .debug_line    0x00001ed4      0x366 ..\obj\tm_stm32f4_gpio.o
 .debug_line    0x0000223a      0xab5 ..\obj\stm32f4xx_tim.o

.debug_str      0x00000000     0x3249
 .debug_str     0x00000000     0x1206 ..\obj\biblioteka.o
                               0x130f (size before relaxing)
 .debug_str     0x00001206      0x57e ..\obj\tm_stm32f4_adc.o
                                0x8c6 (size before relaxing)
 .debug_str     0x00001784       0xa5 ..\obj\startup_stm32f4xx.o
                                0x13c (size before relaxing)
 .debug_str     0x00001829       0x86 ..\obj\main.o
                                0x39f (size before relaxing)
 .debug_str     0x000018af      0x593 ..\obj\stm32f4xx_rcc.o
                                0x845 (size before relaxing)
 .debug_str     0x00001e42      0x4ae ..\obj\stm32f4xx_adc.o
                                0x7f9 (size before relaxing)
 .debug_str     0x000022f0      0x16c ..\obj\stm32f4xx_gpio.o
                                0x498 (size before relaxing)
 .debug_str     0x0000245c      0x10d ..\obj\system_stm32f4xx.o
                                0x39f (size before relaxing)
 .debug_str     0x00002569      0x11e ..\obj\misc.o
                                0x3c3 (size before relaxing)
 .debug_str     0x00002687      0x1cf ..\obj\tm_stm32f4_gpio.o
                                0x596 (size before relaxing)
 .debug_str     0x00002856      0x9f3 ..\obj\stm32f4xx_tim.o
                                0xdc5 (size before relaxing)

.comment        0x00000000       0x6e
 .comment       0x00000000       0x6e ..\obj\biblioteka.o
                                 0x6f (size before relaxing)
 .comment       0x0000006e       0x6f ..\obj\tm_stm32f4_adc.o
 .comment       0x0000006e       0x6f ..\obj\startup_stm32f4xx.o
 .comment       0x0000006e       0x6f ..\obj\main.o
 .comment       0x0000006e       0x6f ..\obj\stm32f4xx_rcc.o
 .comment       0x0000006e       0x6f ..\obj\stm32f4xx_adc.o
 .comment       0x0000006e       0x6f ..\obj\stm32f4xx_gpio.o
 .comment       0x0000006e       0x6f ..\obj\system_stm32f4xx.o
 .comment       0x0000006e       0x6f ..\obj\misc.o
 .comment       0x0000006e       0x6f ..\obj\tm_stm32f4_gpio.o
 .comment       0x0000006e       0x6f ..\obj\stm32f4xx_tim.o

.ARM.attributes
                0x00000000       0x33
 .ARM.attributes
                0x00000000       0x33 ..\obj\biblioteka.o
 .ARM.attributes
                0x00000033       0x33 ..\obj\tm_stm32f4_adc.o
 .ARM.attributes
                0x00000066       0x33 ..\obj\startup_stm32f4xx.o
 .ARM.attributes
                0x00000099       0x33 ..\obj\main.o
 .ARM.attributes
                0x000000cc       0x33 ..\obj\stm32f4xx_rcc.o
 .ARM.attributes
                0x000000ff       0x33 ..\obj\stm32f4xx_adc.o
 .ARM.attributes
                0x00000132       0x33 ..\obj\stm32f4xx_gpio.o
 .ARM.attributes
                0x00000165       0x33 ..\obj\system_stm32f4xx.o
 .ARM.attributes
                0x00000198       0x33 ..\obj\misc.o
 .ARM.attributes
                0x000001cb       0x33 ..\obj\tm_stm32f4_gpio.o
 .ARM.attributes
                0x000001fe       0x33 ..\obj\stm32f4xx_tim.o
 .ARM.attributes
                0x00000231       0x1e c:/program files (x86)/gnu tools arm embedded/5.4 2016q3/bin/../lib/gcc/arm-none-eabi/5.4.1/armv7e-m\libgcc.a(_arm_addsubdf3.o)
 .ARM.attributes
                0x0000024f       0x1e c:/program files (x86)/gnu tools arm embedded/5.4 2016q3/bin/../lib/gcc/arm-none-eabi/5.4.1/armv7e-m\libgcc.a(_arm_muldivdf3.o)
 .ARM.attributes
                0x0000026d       0x1e c:/program files (x86)/gnu tools arm embedded/5.4 2016q3/bin/../lib/gcc/arm-none-eabi/5.4.1/armv7e-m\libgcc.a(_arm_cmpdf2.o)

.debug_frame    0x00000000     0x287c
 .debug_frame   0x00000000      0x3ac ..\obj\biblioteka.o
 .debug_frame   0x000003ac      0x320 ..\obj\tm_stm32f4_adc.o
 .debug_frame   0x000006cc       0x4c ..\obj\startup_stm32f4xx.o
 .debug_frame   0x00000718       0x4c ..\obj\main.o
 .debug_frame   0x00000764      0x6d4 ..\obj\stm32f4xx_rcc.o
 .debug_frame   0x00000e38      0x5ec ..\obj\stm32f4xx_adc.o
 .debug_frame   0x00001424      0x23c ..\obj\stm32f4xx_gpio.o
 .debug_frame   0x00001660       0x7c ..\obj\system_stm32f4xx.o
 .debug_frame   0x000016dc       0xd8 ..\obj\misc.o
 .debug_frame   0x000017b4      0x274 ..\obj\tm_stm32f4_gpio.o
 .debug_frame   0x00001a28      0xe54 ..\obj\stm32f4xx_tim.o
