Archive member included to satisfy reference by file (symbol)

c:/program files (x86)/gnu tools arm embedded/5.4 2016q3/bin/../lib/gcc/arm-none-eabi/5.4.1/armv7e-m\libgcc.a(_arm_addsubdf3.o)
                              ..\obj\tm_stm32f4_timer_properties.o (__aeabi_ui2d)
c:/program files (x86)/gnu tools arm embedded/5.4 2016q3/bin/../lib/gcc/arm-none-eabi/5.4.1/armv7e-m\libgcc.a(_arm_muldivdf3.o)
                              ..\obj\main.o (__aeabi_ddiv)
c:/program files (x86)/gnu tools arm embedded/5.4 2016q3/bin/../lib/gcc/arm-none-eabi/5.4.1/armv7e-m\libgcc.a(_arm_cmpdf2.o)
                              ..\obj\tm_stm32f4_timer_properties.o (__aeabi_dcmpeq)
c:/program files (x86)/gnu tools arm embedded/5.4 2016q3/bin/../lib/gcc/arm-none-eabi/5.4.1/armv7e-m\libgcc.a(_arm_fixunsdfsi.o)
                              ..\obj\tm_stm32f4_timer_properties.o (__aeabi_d2uiz)
c:/program files (x86)/gnu tools arm embedded/5.4 2016q3/bin/../lib/gcc/arm-none-eabi/5.4.1/../../../../arm-none-eabi/lib/armv7e-m\libg.a(lib_a-malloc.o)
                              ..\obj\tm_stm32f4_delay.o (malloc)
c:/program files (x86)/gnu tools arm embedded/5.4 2016q3/bin/../lib/gcc/arm-none-eabi/5.4.1/../../../../arm-none-eabi/lib/armv7e-m\libg.a(lib_a-mallocr.o)
                              c:/program files (x86)/gnu tools arm embedded/5.4 2016q3/bin/../lib/gcc/arm-none-eabi/5.4.1/../../../../arm-none-eabi/lib/armv7e-m\libg.a(lib_a-malloc.o) (_malloc_r)
c:/program files (x86)/gnu tools arm embedded/5.4 2016q3/bin/../lib/gcc/arm-none-eabi/5.4.1/../../../../arm-none-eabi/lib/armv7e-m\libg.a(lib_a-mlock.o)
                              c:/program files (x86)/gnu tools arm embedded/5.4 2016q3/bin/../lib/gcc/arm-none-eabi/5.4.1/../../../../arm-none-eabi/lib/armv7e-m\libg.a(lib_a-mallocr.o) (__malloc_lock)
c:/program files (x86)/gnu tools arm embedded/5.4 2016q3/bin/../lib/gcc/arm-none-eabi/5.4.1/../../../../arm-none-eabi/lib/armv7e-m\libg.a(lib_a-sbrkr.o)
                              c:/program files (x86)/gnu tools arm embedded/5.4 2016q3/bin/../lib/gcc/arm-none-eabi/5.4.1/../../../../arm-none-eabi/lib/armv7e-m\libg.a(lib_a-mallocr.o) (_sbrk_r)
c:/program files (x86)/gnu tools arm embedded/5.4 2016q3/bin/../lib/gcc/arm-none-eabi/5.4.1/../../../../arm-none-eabi/lib/armv7e-m\libg.a(lib_a-sprintf.o)
                              ..\obj\main.o (sprintf)
c:/program files (x86)/gnu tools arm embedded/5.4 2016q3/bin/../lib/gcc/arm-none-eabi/5.4.1/../../../../arm-none-eabi/lib/armv7e-m\libg.a(lib_a-svfprintf.o)
                              c:/program files (x86)/gnu tools arm embedded/5.4 2016q3/bin/../lib/gcc/arm-none-eabi/5.4.1/../../../../arm-none-eabi/lib/armv7e-m\libg.a(lib_a-sprintf.o) (_svfprintf_r)
c:/program files (x86)/gnu tools arm embedded/5.4 2016q3/bin/../lib/gcc/arm-none-eabi/5.4.1/../../../../arm-none-eabi/lib/armv7e-m\libg.a(lib_a-dtoa.o)
                              c:/program files (x86)/gnu tools arm embedded/5.4 2016q3/bin/../lib/gcc/arm-none-eabi/5.4.1/../../../../arm-none-eabi/lib/armv7e-m\libg.a(lib_a-svfprintf.o) (_dtoa_r)
c:/program files (x86)/gnu tools arm embedded/5.4 2016q3/bin/../lib/gcc/arm-none-eabi/5.4.1/../../../../arm-none-eabi/lib/armv7e-m\libg.a(lib_a-freer.o)
                              c:/program files (x86)/gnu tools arm embedded/5.4 2016q3/bin/../lib/gcc/arm-none-eabi/5.4.1/../../../../arm-none-eabi/lib/armv7e-m\libg.a(lib_a-malloc.o) (_free_r)
c:/program files (x86)/gnu tools arm embedded/5.4 2016q3/bin/../lib/gcc/arm-none-eabi/5.4.1/../../../../arm-none-eabi/lib/armv7e-m\libg.a(lib_a-impure.o)
                              c:/program files (x86)/gnu tools arm embedded/5.4 2016q3/bin/../lib/gcc/arm-none-eabi/5.4.1/../../../../arm-none-eabi/lib/armv7e-m\libg.a(lib_a-malloc.o) (_impure_ptr)
c:/program files (x86)/gnu tools arm embedded/5.4 2016q3/bin/../lib/gcc/arm-none-eabi/5.4.1/../../../../arm-none-eabi/lib/armv7e-m\libg.a(lib_a-localeconv.o)
                              c:/program files (x86)/gnu tools arm embedded/5.4 2016q3/bin/../lib/gcc/arm-none-eabi/5.4.1/../../../../arm-none-eabi/lib/armv7e-m\libg.a(lib_a-svfprintf.o) (_localeconv_r)
c:/program files (x86)/gnu tools arm embedded/5.4 2016q3/bin/../lib/gcc/arm-none-eabi/5.4.1/../../../../arm-none-eabi/lib/armv7e-m\libg.a(lib_a-memchr.o)
                              c:/program files (x86)/gnu tools arm embedded/5.4 2016q3/bin/../lib/gcc/arm-none-eabi/5.4.1/../../../../arm-none-eabi/lib/armv7e-m\libg.a(lib_a-svfprintf.o) (memchr)
c:/program files (x86)/gnu tools arm embedded/5.4 2016q3/bin/../lib/gcc/arm-none-eabi/5.4.1/../../../../arm-none-eabi/lib/armv7e-m\libg.a(lib_a-memcpy.o)
                              c:/program files (x86)/gnu tools arm embedded/5.4 2016q3/bin/../lib/gcc/arm-none-eabi/5.4.1/../../../../arm-none-eabi/lib/armv7e-m\libg.a(lib_a-dtoa.o) (memcpy)
c:/program files (x86)/gnu tools arm embedded/5.4 2016q3/bin/../lib/gcc/arm-none-eabi/5.4.1/../../../../arm-none-eabi/lib/armv7e-m\libg.a(lib_a-mprec.o)
[...]
Memory Configuration

Name             Origin             Length             Attributes
rom              0x08000000         0x00100000         xr
ram              0x20000000         0x00020000         xrw
ram1             0x10000000         0x00010000         xrw
*default*        0x00000000         0xffffffff

Linker script and memory map

                0x20020000                _eram = 0x20020000

.text           0x08000000     0x69d9
 *(.isr_vector)
 .isr_vector    0x08000000      0x188 ..\obj\startup_stm32f4xx.o
                0x08000000                g_pfnVectors
 *(.text*)
 .text.Button_init
                0x08000188       0x38 ..\obj\biblioteka.o
                0x08000188                Button_init
 .text.TIM3_init
                0x080001c0       0x4c ..\obj\biblioteka.o
                0x080001c0                TIM3_init
 .text.TIM3_inter
                0x0800020c       0x48 ..\obj\biblioteka.o
                0x0800020c                TIM3_inter
 .text.Delay    0x08000254       0x58 ..\obj\tm_stm32f4_hd44780.o
 .text.TM_HD44780_Init
                0x080002ac       0xd0 ..\obj\tm_stm32f4_hd44780.o
                0x080002ac                TM_HD44780_Init
 .text.TM_HD44780_Clear
                0x0800037c       0x18 ..\obj\tm_stm32f4_hd44780.o
                0x0800037c                TM_HD44780_Clear
 .text.TM_HD44780_Puts
                0x08000394       0xb8 ..\obj\tm_stm32f4_hd44780.o
                0x08000394                TM_HD44780_Puts
 .text.TM_HD44780_DisplayOn
                0x0800044c       0x2c ..\obj\tm_stm32f4_hd44780.o
                0x0800044c                TM_HD44780_DisplayOn
 .text.TM_HD44780_Cmd
                0x08000478       0x38 ..\obj\tm_stm32f4_hd44780.o
 .text.TM_HD44780_Data
                0x080004b0       0x38 ..\obj\tm_stm32f4_hd44780.o
 .text.TM_HD44780_Cmd4bit
                0x080004e8       0xa4 ..\obj\tm_stm32f4_hd44780.o
 .text.TM_HD44780_CursorSet
                0x0800058c       0x68 ..\obj\tm_stm32f4_hd44780.o
 .text.TM_HD44780_InitPins
                0x080005f4       0xc0 ..\obj\tm_stm32f4_hd44780.o
 .text.TM_ADC_Init
                0x080006b4       0xfc ..\obj\tm_stm32f4_adc.o
                0x080006b4                TM_ADC_Init
 .text.TM_ADC_InitADC
                0x080007b0       0xbc ..\obj\tm_stm32f4_adc.o
                0x080007b0                TM_ADC_InitADC
 .text.TM_ADC_Read
                0x0800086c       0x54 ..\obj\tm_stm32f4_adc.o
                0x0800086c                TM_ADC_Read
 .text.TM_ADC_INT_Channel_0_Init
                0x080008c0       0x1c ..\obj\tm_stm32f4_adc.o
                0x080008c0                TM_ADC_INT_Channel_0_Init
 .text.TM_ADC_INT_Channel_1_Init
                0x080008dc       0x1c ..\obj\tm_stm32f4_adc.o
                0x080008dc                TM_ADC_INT_Channel_1_Init
 .text.TM_ADC_INT_Channel_2_Init
                0x080008f8       0x1c ..\obj\tm_stm32f4_adc.o
                0x080008f8                TM_ADC_INT_Channel_2_Init
 .text.TM_ADC_INT_Channel_3_Init
                0x08000914       0x1c ..\obj\tm_stm32f4_adc.o
                0x08000914                TM_ADC_INT_Channel_3_Init
 .text.TM_ADC_INT_Channel_4_Init
                0x08000930       0x4c ..\obj\tm_stm32f4_adc.o
                0x08000930                TM_ADC_INT_Channel_4_Init
 .text.TM_ADC_INT_Channel_5_Init
                0x0800097c       0x4c ..\obj\tm_stm32f4_adc.o
                0x0800097c                TM_ADC_INT_Channel_5_Init
 .text.TM_ADC_INT_Channel_6_Init
                0x080009c8       0x50 ..\obj\tm_stm32f4_adc.o
                0x080009c8                TM_ADC_INT_Channel_6_Init
 .text.TM_ADC_INT_Channel_7_Init
                0x08000a18       0x50 ..\obj\tm_stm32f4_adc.o
                0x08000a18                TM_ADC_INT_Channel_7_Init
 .text.TM_ADC_INT_Channel_8_Init
                0x08000a68       0x50 ..\obj\tm_stm32f4_adc.o
                0x08000a68                TM_ADC_INT_Channel_8_Init
 .text.TM_ADC_INT_Channel_9_Init
                0x08000ab8       0x4c ..\obj\tm_stm32f4_adc.o
                0x08000ab8                TM_ADC_INT_Channel_9_Init
 .text.TM_ADC_INT_Channel_10_Init
                0x08000b04       0x1c ..\obj\tm_stm32f4_adc.o
                0x08000b04                TM_ADC_INT_Channel_10_Init
 .text.TM_ADC_INT_Channel_11_Init
                0x08000b20       0x1c ..\obj\tm_stm32f4_adc.o
                0x08000b20                TM_ADC_INT_Channel_11_Init
 .text.TM_ADC_INT_Channel_12_Init
                0x08000b3c       0x1c ..\obj\tm_stm32f4_adc.o
                0x08000b3c                TM_ADC_INT_Channel_12_Init
 .text.TM_ADC_INT_Channel_13_Init
                0x08000b58       0x1c ..\obj\tm_stm32f4_adc.o
                0x08000b58                TM_ADC_INT_Channel_13_Init
 .text.TM_ADC_INT_Channel_14_Init
                0x08000b74       0x4c ..\obj\tm_stm32f4_adc.o
                0x08000b74                TM_ADC_INT_Channel_14_Init
 .text.TM_ADC_INT_Channel_15_Init
                0x08000bc0       0x50 ..\obj\tm_stm32f4_adc.o
                0x08000bc0                TM_ADC_INT_Channel_15_Init
 .text.TM_ADC_INT_InitPin
                0x08000c10       0x28 ..\obj\tm_stm32f4_adc.o
                0x08000c10                TM_ADC_INT_InitPin
 .text.Default_Reset_Handler
                0x08000c38       0x5c ..\obj\startup_stm32f4xx.o
                0x08000c38                Default_Reset_Handler
                0x08000c38                Reset_Handler
 .text.Default_Handler
                0x08000c94        0x8 ..\obj\startup_stm32f4xx.o
                0x08000c94                RTC_Alarm_IRQHandler
                0x08000c94                HASH_RNG_IRQHandler
                0x08000c94                EXTI2_IRQHandler
                0x08000c94                TIM8_CC_IRQHandler
                0x08000c94                DebugMon_Handler
                0x08000c94                TIM1_CC_IRQHandler
                0x08000c94                DMA2_Stream5_IRQHandler
                0x08000c94                HardFault_Handler
                0x08000c94                DMA1_Stream5_IRQHandler
                0x08000c94                PVD_IRQHandler
                0x08000c94                SDIO_IRQHandler
                0x08000c94                TAMP_STAMP_IRQHandler
                0x08000c94                PendSV_Handler
                0x08000c94                NMI_Handler
                0x08000c94                CAN2_RX1_IRQHandler
                0x08000c94                EXTI3_IRQHandler
                0x08000c94                TIM8_TRG_COM_TIM14_IRQHandler
                0x08000c94                TIM1_UP_TIM10_IRQHandler
                0x08000c94                TIM8_UP_TIM13_IRQHandler
                0x08000c94                I2C3_ER_IRQHandler
                0x08000c94                EXTI0_IRQHandler
                0x08000c94                I2C2_EV_IRQHandler
                0x08000c94                DMA1_Stream2_IRQHandler
                0x08000c94                CAN1_RX0_IRQHandler
                0x08000c94                FPU_IRQHandler
                0x08000c94                OTG_HS_WKUP_IRQHandler
                0x08000c94                UsageFault_Handler
                0x08000c94                CAN2_SCE_IRQHandler
                0x08000c94                DMA2_Stream2_IRQHandler
                0x08000c94                SPI1_IRQHandler
                0x08000c94                TIM6_DAC_IRQHandler
                0x08000c94                TIM1_BRK_TIM9_IRQHandler
                0x08000c94                DCMI_IRQHandler
                0x08000c94                CAN2_RX0_IRQHandler
                0x08000c94                DMA2_Stream3_IRQHandler
                0x08000c94                USART6_IRQHandler
                0x08000c94                USART3_IRQHandler
                0x08000c94                CRYP_IRQHandler
                0x08000c94                CAN1_RX1_IRQHandler
                0x08000c94                UART5_IRQHandler
                0x08000c94                DMA2_Stream0_IRQHandler
                0x08000c94                TIM4_IRQHandler
                0x08000c94                I2C1_EV_IRQHandler
                0x08000c94                DMA1_Stream6_IRQHandler
                0x08000c94                DMA1_Stream1_IRQHandler
                0x08000c94                UART4_IRQHandler
                0x08000c94                RCC_IRQHandler
                0x08000c94                TIM8_BRK_TIM12_IRQHandler
                0x08000c94                EXTI15_10_IRQHandler
                0x08000c94                ADC_IRQHandler
                0x08000c94                DMA1_Stream7_IRQHandler
                0x08000c94                TIM7_IRQHandler
                0x08000c94                CAN2_TX_IRQHandler
                0x08000c94                TIM5_IRQHandler
                0x08000c94                DMA2_Stream7_IRQHandler
                0x08000c94                I2C3_EV_IRQHandler
                0x08000c94                EXTI9_5_IRQHandler
                0x08000c94                RTC_WKUP_IRQHandler
                0x08000c94                ETH_WKUP_IRQHandler
                0x08000c94                SPI2_IRQHandler
                0x08000c94                OTG_HS_EP1_IN_IRQHandler
                0x08000c94                MemManage_Handler
                0x08000c94                DMA1_Stream0_IRQHandler
                0x08000c94                CAN1_TX_IRQHandler
                0x08000c94                SVC_Handler
                0x08000c94                EXTI4_IRQHandler
                0x08000c94                FSMC_IRQHandler
                0x08000c94                ETH_IRQHandler
                0x08000c94                OTG_HS_EP1_OUT_IRQHandler
                0x08000c94                WWDG_IRQHandler
                0x08000c94                TIM2_IRQHandler
                0x08000c94                OTG_FS_WKUP_IRQHandler
                0x08000c94                TIM1_TRG_COM_TIM11_IRQHandler
                0x08000c94                OTG_HS_IRQHandler
                0x08000c94                EXTI1_IRQHandler
                0x08000c94                USART2_IRQHandler
                0x08000c94                I2C2_ER_IRQHandler
                0x08000c94                DMA2_Stream1_IRQHandler
                0x08000c94                CAN1_SCE_IRQHandler
                0x08000c94                FLASH_IRQHandler
                0x08000c94                DMA2_Stream4_IRQHandler
                0x08000c94                BusFault_Handler
                0x08000c94                USART1_IRQHandler
                0x08000c94                OTG_FS_IRQHandler
                0x08000c94                SPI3_IRQHandler
                0x08000c94                DMA1_Stream4_IRQHandler
                0x08000c94                I2C1_ER_IRQHandler
                0x08000c94                DMA2_Stream6_IRQHandler
                0x08000c94                DMA1_Stream3_IRQHandler
 .text.TIM3_IRQHandler
                0x08000c9c       0x30 ..\obj\main.o
                0x08000c9c                TIM3_IRQHandler
 .text.main     0x08000ccc      0x2c8 ..\obj\main.o
                0x08000ccc                main
 .text.RCC_APB1PeriphClockCmd
                0x08000f94       0x3c ..\obj\stm32f4xx_rcc.o
                0x08000f94                RCC_APB1PeriphClockCmd
 .text.ADC_Init
                0x08000fd0       0xa8 ..\obj\stm32f4xx_adc.o
                0x08000fd0                ADC_Init
 .text.ADC_CommonInit
                0x08001078       0x50 ..\obj\stm32f4xx_adc.o
                0x08001078                ADC_CommonInit
 .text.ADC_RegularChannelConfig
                0x080010c8      0x194 ..\obj\stm32f4xx_adc.o
                0x080010c8                ADC_RegularChannelConfig
 .text.NVIC_SetPriority
                0x0800125c       0x54 ..\obj\tm_stm32f4_delay.o
 .text.SysTick_Config
                0x080012b0       0x44 ..\obj\tm_stm32f4_delay.o
 .text.SysTick_Handler
                0x080012f4       0xf0 ..\obj\tm_stm32f4_delay.o
                0x080012f4                SysTick_Handler
 .text.TM_DELAY_Init
                0x080013e4       0x50 ..\obj\tm_stm32f4_delay.o
                0x080013e4                TM_DELAY_Init
 .text.GPIO_Init
                0x08001434      0x11c ..\obj\stm32f4xx_gpio.o
                0x08001434                GPIO_Init
 .text.GPIO_ReadInputDataBit
                0x08001550       0x34 ..\obj\stm32f4xx_gpio.o
                0x08001550                GPIO_ReadInputDataBit
 .text.SystemInit
                0x08001584       0x5c ..\obj\system_stm32f4xx.o
                0x08001584                SystemInit
 .text.SystemCoreClockUpdate
                0x080015e0       0xf8 ..\obj\system_stm32f4xx.o
                0x080015e0                SystemCoreClockUpdate
 .text.SetSysClock
                0x080016d8       0xf4 ..\obj\system_stm32f4xx.o
 .text._sbrk    0x080017cc       0x3c ..\obj\syscalls.o
                0x080017cc                _sbrk
 .text.NVIC_PriorityGroupConfig
                0x08001808       0x24 ..\obj\misc.o
                0x08001808                NVIC_PriorityGroupConfig
 .text.NVIC_Init
                0x0800182c       0xc0 ..\obj\misc.o
                0x0800182c                NVIC_Init
 .text.TM_GPIO_Init
                0x080018ec       0x48 ..\obj\tm_stm32f4_gpio.o
                0x080018ec                TM_GPIO_Init
 .text.TM_GPIO_GetPortSource
                0x08001934       0x20 ..\obj\tm_stm32f4_gpio.o
                0x08001934                TM_GPIO_GetPortSource
 .text.TM_GPIO_INT_EnableClock
                0x08001954       0x30 ..\obj\tm_stm32f4_gpio.o
                0x08001954                TM_GPIO_INT_EnableClock
 .text.TM_GPIO_INT_Init
                0x08001984      0x10c ..\obj\tm_stm32f4_gpio.o
                0x08001984                TM_GPIO_INT_Init
 .text.TIM_TimeBaseInit
                0x08001a90       0xd4 ..\obj\stm32f4xx_tim.o
                0x08001a90                TIM_TimeBaseInit
 .text.TIM_Cmd  0x08001b64       0x40 ..\obj\stm32f4xx_tim.o
                0x08001b64                TIM_Cmd
 .text.TIM_ITConfig
                0x08001ba4       0x48 ..\obj\stm32f4xx_tim.o
                0x08001ba4                TIM_ITConfig
 .text.TIM_GetITStatus
                0x08001bec       0x54 ..\obj\stm32f4xx_tim.o
                0x08001bec                TIM_GetITStatus
 .text.TIM_ClearITPendingBit
                0x08001c40       0x20 ..\obj\stm32f4xx_tim.o
                0x08001c40                TIM_ClearITPendingBit
 .text          0x08001c60      0x370 c:/program files (x86)/gnu tools arm embedded/5.4 2016q3/bin/../lib/gcc/arm-none-eabi/5.4.1/armv7e-m\libgcc.a(_arm_addsubdf3.o)
                0x08001c60                __aeabi_drsub
                0x08001c68                __aeabi_dsub
                0x08001c68                __subdf3
                0x08001c6c                __aeabi_dadd
                0x08001c6c                __adddf3
                0x08001ee4                __floatunsidf
                0x08001ee4                __aeabi_ui2d
                0x08001f04                __floatsidf
                0x08001f04                __aeabi_i2d
                0x08001f28                __aeabi_f2d
                0x08001f28                __extendsfdf2
                0x08001f64                __floatundidf
                0x08001f64                __aeabi_ul2d
                0x08001f74                __floatdidf
                0x08001f74                __aeabi_l2d
 .text          0x08001fd0      0x424 c:/program files (x86)/gnu tools arm embedded/5.4 2016q3/bin/../lib/gcc/arm-none-eabi/5.4.1/armv7e-m\libgcc.a(_arm_muldivdf3.o)
                0x08001fd0                __aeabi_dmul
                0x08001fd0                __muldf3
                0x08002224                __divdf3
                0x08002224                __aeabi_ddiv
 .text          0x080023f4      0x110 c:/program files (x86)/gnu tools arm embedded/5.4 2016q3/bin/../lib/gcc/arm-none-eabi/5.4.1/armv7e-m\libgcc.a(_arm_cmpdf2.o)
                0x080023f4                __gtdf2
                0x080023f4                __gedf2
                0x080023fc                __ltdf2
                0x080023fc                __ledf2
                0x08002404                __nedf2
                0x08002404                __eqdf2
                0x08002404                __cmpdf2
                0x08002480                __aeabi_cdrcmple
                0x08002490                __aeabi_cdcmpeq
                0x08002490                __aeabi_cdcmple
                0x080024a0                __aeabi_dcmpeq
                0x080024b4                __aeabi_dcmplt
                0x080024c8                __aeabi_dcmple
                0x080024dc                __aeabi_dcmpge
                0x080024f0                __aeabi_dcmpgt
 .text._malloc_r
                0x08002504      0x570 c:/program files (x86)/gnu tools arm embedded/5.4 2016q3/bin/../lib/gcc/arm-none-eabi/5.4.1/../../../../arm-none-eabi/lib/armv7e-m\libg.a(lib_a-mallocr.o)
                0x08002504                _malloc_r
 .text.__malloc_lock
                0x08002a74        0x4 c:/program files (x86)/gnu tools arm embedded/5.4 2016q3/bin/../lib/gcc/arm-none-eabi/5.4.1/../../../../arm-none-eabi/lib/armv7e-m\libg.a(lib_a-mlock.o)
                0x08002a74                __malloc_lock
 .text.__malloc_unlock
                0x08002a78        0x4 c:/program files (x86)/gnu tools arm embedded/5.4 2016q3/bin/../lib/gcc/arm-none-eabi/5.4.1/../../../../arm-none-eabi/lib/armv7e-m\libg.a(lib_a-mlock.o)
                0x08002a78                __malloc_unlock
 .text._sbrk_r  0x08002a7c       0x24 c:/program files (x86)/gnu tools arm embedded/5.4 2016q3/bin/../lib/gcc/arm-none-eabi/5.4.1/../../../../arm-none-eabi/lib/armv7e-m\libg.a(lib_a-sbrkr.o)
                0x08002a7c                _sbrk_r
 .text.sprintf  0x08002aa0       0x4c c:/program files (x86)/gnu tools arm embedded/5.4 2016q3/bin/../lib/gcc/arm-none-eabi/5.4.1/../../../../arm-none-eabi/lib/armv7e-m\libg.a(lib_a-sprintf.o)
                0x08002aa0                sprintf
 .text._svfprintf_r
                0x08002aec     0x16b0 c:/program files (x86)/gnu tools arm embedded/5.4 2016q3/bin/../lib/gcc/arm-none-eabi/5.4.1/../../../../arm-none-eabi/lib/armv7e-m\libg.a(lib_a-svfprintf.o)
                0x08002aec                _svfprintf_r
 .text.quorem   0x0800419c      0x128 c:/program files (x86)/gnu tools arm embedded/5.4 2016q3/bin/../lib/gcc/arm-none-eabi/5.4.1/../../../../arm-none-eabi/lib/armv7e-m\libg.a(lib_a-dtoa.o)
 *fill*         0x080042c4        0x4 
 .text._dtoa_r  0x080042c8      0xe58 c:/program files (x86)/gnu tools arm embedded/5.4 2016q3/bin/../lib/gcc/arm-none-eabi/5.4.1/../../../../arm-none-eabi/lib/armv7e-m\libg.a(lib_a-dtoa.o)
                0x080042c8                _dtoa_r
 .text._malloc_trim_r
                0x08005120       0x9c c:/program files (x86)/gnu tools arm embedded/5.4 2016q3/bin/../lib/gcc/arm-none-eabi/5.4.1/../../../../arm-none-eabi/lib/armv7e-m\libg.a(lib_a-freer.o)
                0x08005120                _malloc_trim_r
 .text._free_r  0x080051bc      0x1d0 c:/program files (x86)/gnu tools arm embedded/5.4 2016q3/bin/../lib/gcc/arm-none-eabi/5.4.1/../../../../arm-none-eabi/lib/armv7e-m\libg.a(lib_a-freer.o)
                0x080051bc                _free_r
 .text._localeconv_r
                0x0800538c       0x1c c:/program files (x86)/gnu tools arm embedded/5.4 2016q3/bin/../lib/gcc/arm-none-eabi/5.4.1/../../../../arm-none-eabi/lib/armv7e-m\libg.a(lib_a-localeconv.o)
                0x0800538c                _localeconv_r
 *fill*         0x080053a8        0x8 
 .text          0x080053b0       0xa0 c:/program files (x86)/gnu tools arm embedded/5.4 2016q3/bin/../lib/gcc/arm-none-eabi/5.4.1/../../../../arm-none-eabi/lib/armv7e-m\libg.a(lib_a-memchr.o)
                0x080053b0                memchr
 .text          0x08005450      0x134 c:/program files (x86)/gnu tools arm embedded/5.4 2016q3/bin/../lib/gcc/arm-none-eabi/5.4.1/../../../../arm-none-eabi/lib/armv7e-m\libg.a(lib_a-memcpy.o)
                0x08005450                memcpy
 .text._Balloc  0x08005584       0x4c c:/program files (x86)/gnu tools arm embedded/5.4 2016q3/bin/../lib/gcc/arm-none-eabi/5.4.1/../../../../arm-none-eabi/lib/armv7e-m\libg.a(lib_a-mprec.o)
                0x08005584                _Balloc
 .text._Bfree   0x080055d0       0x14 c:/program files (x86)/gnu tools arm embedded/5.4 2016q3/bin/../lib/gcc/arm-none-eabi/5.4.1/../../../../arm-none-eabi/lib/armv7e-m\libg.a(lib_a-mprec.o)
                0x080055d0                _Bfree
 .text.__multadd
                0x080055e4       0x80 c:/program files (x86)/gnu tools arm embedded/5.4 2016q3/bin/../lib/gcc/arm-none-eabi/5.4.1/../../../../arm-none-eabi/lib/armv7e-m\libg.a(lib_a-mprec.o)
                0x080055e4                __multadd
 .text.__hi0bits
                0x08005664       0x40 c:/program files (x86)/gnu tools arm embedded/5.4 2016q3/bin/../lib/gcc/arm-none-eabi/5.4.1/../../../../arm-none-eabi/lib/armv7e-m\libg.a(lib_a-mprec.o)
                0x08005664                __hi0bits
 .text.__lo0bits
                0x080056a4       0x5c c:/program files (x86)/gnu tools arm embedded/5.4 2016q3/bin/../lib/gcc/arm-none-eabi/5.4.1/../../../../arm-none-eabi/lib/armv7e-m\libg.a(lib_a-mprec.o)
                0x080056a4                __lo0bits
 .text.__i2b    0x08005700       0x14 c:/program files (x86)/gnu tools arm embedded/5.4 2016q3/bin/../lib/gcc/arm-none-eabi/5.4.1/../../../../arm-none-eabi/lib/armv7e-m\libg.a(lib_a-mprec.o)
                0x08005700                __i2b
 .text.__multiply
                0x08005714      0x130 c:/program files (x86)/gnu tools arm embedded/5.4 2016q3/bin/../lib/gcc/arm-none-eabi/5.4.1/../../../../arm-none-eabi/lib/armv7e-m\libg.a(lib_a-mprec.o)
                0x08005714                __multiply
 .text.__pow5mult
                0x08005844       0xa0 c:/program files (x86)/gnu tools arm embedded/5.4 2016q3/bin/../lib/gcc/arm-none-eabi/5.4.1/../../../../arm-none-eabi/lib/armv7e-m\libg.a(lib_a-mprec.o)
                0x08005844                __pow5mult
 .text.__lshift
                0x080058e4       0xb0 c:/program files (x86)/gnu tools arm embedded/5.4 2016q3/bin/../lib/gcc/arm-none-eabi/5.4.1/../../../../arm-none-eabi/lib/armv7e-m\libg.a(lib_a-mprec.o)
                0x080058e4                __lshift
 .text.__mcmp   0x08005994       0x40 c:/program files (x86)/gnu tools arm embedded/5.4 2016q3/bin/../lib/gcc/arm-none-eabi/5.4.1/../../../../arm-none-eabi/lib/armv7e-m\libg.a(lib_a-mprec.o)
                0x08005994                __mcmp
 .text.__mdiff  0x080059d4      0x114 c:/program files (x86)/gnu tools arm embedded/5.4 2016q3/bin/../lib/gcc/arm-none-eabi/5.4.1/../../../../arm-none-eabi/lib/armv7e-m\libg.a(lib_a-mprec.o)
                0x080059d4                __mdiff
 .text.__d2b    0x08005ae8       0xb8 c:/program files (x86)/gnu tools arm embedded/5.4 2016q3/bin/../lib/gcc/arm-none-eabi/5.4.1/../../../../arm-none-eabi/lib/armv7e-m\libg.a(lib_a-mprec.o)
                0x08005ae8                __d2b
 *fill*         0x08005ba0       0x20 
 .text          0x08005bc0       0xdc c:/program files (x86)/gnu tools arm embedded/5.4 2016q3/bin/../lib/gcc/arm-none-eabi/5.4.1/../../../../arm-none-eabi/lib/armv7e-m\libg.a(lib_a-strlen.o)
                0x08005bc0                strlen
 .text.__ssprint_r
                0x08005c9c      0x100 c:/program files (x86)/gnu tools arm embedded/5.4 2016q3/bin/../lib/gcc/arm-none-eabi/5.4.1/../../../../arm-none-eabi/lib/armv7e-m\libg.a(lib_a-svfiprintf.o)
                0x08005c9c                __ssprint_r
 .text._calloc_r
                0x08005d9c       0x60 c:/program files (x86)/gnu tools arm embedded/5.4 2016q3/bin/../lib/gcc/arm-none-eabi/5.4.1/../../../../arm-none-eabi/lib/armv7e-m\libg.a(lib_a-callocr.o)
                0x08005d9c                _calloc_r
 .text.__ascii_mbtowc
                0x08005dfc       0x2c c:/program files (x86)/gnu tools arm embedded/5.4 2016q3/bin/../lib/gcc/arm-none-eabi/5.4.1/../../../../arm-none-eabi/lib/armv7e-m\libg.a(lib_a-mbtowc_r.o)
                0x08005dfc                __ascii_mbtowc
 .text.memmove  0x08005e28       0xc8 c:/program files (x86)/gnu tools arm embedded/5.4 2016q3/bin/../lib/gcc/arm-none-eabi/5.4.1/../../../../arm-none-eabi/lib/armv7e-m\libg.a(lib_a-memmove.o)
                0x08005e28                memmove
 .text.memset   0x08005ef0       0x9c c:/program files (x86)/gnu tools arm embedded/5.4 2016q3/bin/../lib/gcc/arm-none-eabi/5.4.1/../../../../arm-none-eabi/lib/armv7e-m\libg.a(lib_a-memset.o)
                0x08005ef0                memset
 .text._realloc_r
                0x08005f8c      0x3e0 c:/program files (x86)/gnu tools arm embedded/5.4 2016q3/bin/../lib/gcc/arm-none-eabi/5.4.1/../../../../arm-none-eabi/lib/armv7e-m\libg.a(lib_a-reallocr.o)
                0x08005f8c                _realloc_r
 .text.__ascii_wctomb
                0x0800636c       0x1c c:/program files (x86)/gnu tools arm embedded/5.4 2016q3/bin/../lib/gcc/arm-none-eabi/5.4.1/../../../../arm-none-eabi/lib/armv7e-m\libg.a(lib_a-wctomb_r.o)
                0x0800636c                __ascii_wctomb
 .text          0x08006388       0x2c c:/program files (x86)/gnu tools arm embedded/5.4 2016q3/bin/../lib/gcc/arm-none-eabi/5.4.1/armv7e-m\libgcc.a(_arm_unorddf2.o)
                0x08006388                __unorddf2
                0x08006388                __aeabi_dcmpun
 .text          0x080063b4       0x50 c:/program files (x86)/gnu tools arm embedded/5.4 2016q3/bin/../lib/gcc/arm-none-eabi/5.4.1/armv7e-m\libgcc.a(_arm_fixdfsi.o)
                0x080063b4                __aeabi_d2iz
                0x080063b4                __fixdfsi
 .text          0x08006404       0x30 c:/program files (x86)/gnu tools arm embedded/5.4 2016q3/bin/../lib/gcc/arm-none-eabi/5.4.1/armv7e-m\libgcc.a(_aeabi_uldivmod.o)
                0x08006404                __aeabi_uldivmod
 .text          0x08006434      0x2e4 c:/program files (x86)/gnu tools arm embedded/5.4 2016q3/bin/../lib/gcc/arm-none-eabi/5.4.1/armv7e-m\libgcc.a(_udivmoddi4.o)
                0x08006434                __udivmoddi4
 .text          0x08006718        0x4 c:/program files (x86)/gnu tools arm embedded/5.4 2016q3/bin/../lib/gcc/arm-none-eabi/5.4.1/armv7e-m\libgcc.a(_dvmd_tls.o)
                0x08006718                __aeabi_idiv0
                0x08006718                __aeabi_ldiv0
 *(.init)
 *(.fini)
 *crtbegin.o(.ctors)
 *crtbegin?.o(.ctors)
 *(EXCLUDE_FILE(*crtend.o *crtend?.o) .ctors)
 *(SORT(.ctors.*))
 *(.ctors)
 *crtbegin.o(.dtors)
 *crtbegin?.o(.dtors)
 *(EXCLUDE_FILE(*crtend.o *crtend?.o) .dtors)
 *(SORT(.dtors.*))
 *(.dtors)
 *(.rodata*)
 .rodata        0x0800671c        0x4 ..\obj\tm_stm32f4_hd44780.o
 .rodata        0x08006720       0x2f ..\obj\main.o
 *fill*         0x0800674f        0x1 
 .rodata.zeroes.7256
                0x08006750       0x10 c:/program files (x86)/gnu tools arm embedded/5.4 2016q3/bin/../lib/gcc/arm-none-eabi/5.4.1/../../../../arm-none-eabi/lib/armv7e-m\libg.a(lib_a-svfprintf.o)
 .rodata.str1.4
                0x08006760       0x42 c:/program files (x86)/gnu tools arm embedded/5.4 2016q3/bin/../lib/gcc/arm-none-eabi/5.4.1/../../../../arm-none-eabi/lib/armv7e-m\libg.a(lib_a-svfprintf.o)
 *fill*         0x080067a2        0x2 
 .rodata.blanks.7255
                0x080067a4       0x10 c:/program files (x86)/gnu tools arm embedded/5.4 2016q3/bin/../lib/gcc/arm-none-eabi/5.4.1/../../../../arm-none-eabi/lib/armv7e-m\libg.a(lib_a-svfprintf.o)
 .rodata.str1.4
                0x080067b4       0x10 c:/program files (x86)/gnu tools arm embedded/5.4 2016q3/bin/../lib/gcc/arm-none-eabi/5.4.1/../../../../arm-none-eabi/lib/armv7e-m\libg.a(lib_a-dtoa.o)
                                 0x12 (size before relaxing)
 *fill*         0x080067c4        0x4 
 .rodata.__mprec_tens
                0x080067c8       0xc8 c:/program files (x86)/gnu tools arm embedded/5.4 2016q3/bin/../lib/gcc/arm-none-eabi/5.4.1/../../../../arm-none-eabi/lib/armv7e-m\libg.a(lib_a-mprec.o)
                0x080067c8                __mprec_tens
 .rodata.p05.6085
                0x08006890        0xc c:/program files (x86)/gnu tools arm embedded/5.4 2016q3/bin/../lib/gcc/arm-none-eabi/5.4.1/../../../../arm-none-eabi/lib/armv7e-m\libg.a(lib_a-mprec.o)
 *fill*         0x0800689c        0x4 
 .rodata.__mprec_bigtens
                0x080068a0       0x28 c:/program files (x86)/gnu tools arm embedded/5.4 2016q3/bin/../lib/gcc/arm-none-eabi/5.4.1/../../../../arm-none-eabi/lib/armv7e-m\libg.a(lib_a-mprec.o)
                0x080068a0                __mprec_bigtens
 .rodata.str1.4
                0x080068c8       0x10 c:/program files (x86)/gnu tools arm embedded/5.4 2016q3/bin/../lib/gcc/arm-none-eabi/5.4.1/../../../../arm-none-eabi/lib/armv7e-m\libg.a(lib_a-locale.o)
                                 0x12 (size before relaxing)
 .rodata._ctype_
                0x080068d8      0x101 c:/program files (x86)/gnu tools arm embedded/5.4 2016q3/bin/../lib/gcc/arm-none-eabi/5.4.1/../../../../arm-none-eabi/lib/armv7e-m\libg.a(lib_a-ctype_.o)
                0x080068d8                _ctype_
 *(.eh_fram e*)

.glue_7         0x080069dc        0x0
 .glue_7        0x080069dc        0x0 linker stubs

.glue_7t        0x080069dc        0x0
 .glue_7t       0x080069dc        0x0 linker stubs

.vfp11_veneer   0x080069dc        0x0
 .vfp11_veneer  0x080069dc        0x0 linker stubs

.v4_bx          0x080069dc        0x0
 .v4_bx         0x080069dc        0x0 linker stubs

.iplt           0x080069dc        0x0
 .iplt          0x080069dc        0x0 ..\obj\stm32f4xx_syscfg.o

.ARM.extab
 *(.ARM.extab* .gnu.linkonce.armextab.*)
                0x080069dc                __exidx_start = .

.ARM.exidx      0x080069dc        0x8
 *(.ARM.exidx* .gnu.linkonce.armexidx.*)
 .ARM.exidx     0x080069dc        0x8 c:/program files (x86)/gnu tools arm embedded/5.4 2016q3/bin/../lib/gcc/arm-none-eabi/5.4.1/armv7e-m\libgcc.a(_udivmoddi4.o)
                0x080069e4                __exidx_end = .
                0x080069e4                __etext = .
                0x080069e4                _sidata = __etext

.rel.dyn        0x080069e4        0x0
 .rel.iplt      0x080069e4        0x0 ..\obj\stm32f4xx_syscfg.o

.data           0x20000000      0x9c8 load address 0x080069e4
                0x20000000                __data_start__ = .
                0x20000000                _sdata = __data_start__
 *(vtable)
 *(.data*)
 .data          0x20000000        0xc ..\obj\main.o
                0x20000000                distance
                0x20000008                ignoreduration
 .data          0x2000000c       0x14 ..\obj\system_stm32f4xx.o
                0x2000000c                SystemCoreClock
                0x20000010                AHBPrescTable
 .data.__malloc_av_
                0x20000020      0x408 c:/program files (x86)/gnu tools arm embedded/5.4 2016q3/bin/../lib/gcc/arm-none-eabi/5.4.1/../../../../arm-none-eabi/lib/armv7e-m\libg.a(lib_a-mallocr.o)
                0x20000020                __malloc_av_
 .data.__malloc_trim_threshold
                0x20000428        0x4 c:/program files (x86)/gnu tools arm embedded/5.4 2016q3/bin/../lib/gcc/arm-none-eabi/5.4.1/../../../../arm-none-eabi/lib/armv7e-m\libg.a(lib_a-mallocr.o)
                0x20000428                __malloc_trim_threshold
 .data.__malloc_sbrk_base
                0x2000042c        0x4 c:/program files (x86)/gnu tools arm embedded/5.4 2016q3/bin/../lib/gcc/arm-none-eabi/5.4.1/../../../../arm-none-eabi/lib/armv7e-m\libg.a(lib_a-mallocr.o)
                0x2000042c                __malloc_sbrk_base
 .data.impure_data
                0x20000430      0x428 c:/program files (x86)/gnu tools arm embedded/5.4 2016q3/bin/../lib/gcc/arm-none-eabi/5.4.1/../../../../arm-none-eabi/lib/armv7e-m\libg.a(lib_a-impure.o)
 .data._impure_ptr
                0x20000858        0x4 c:/program files (x86)/gnu tools arm embedded/5.4 2016q3/bin/../lib/gcc/arm-none-eabi/5.4.1/../../../../arm-none-eabi/lib/armv7e-m\libg.a(lib_a-impure.o)
                0x20000858                _impure_ptr
 .data.__global_locale
                0x2000085c      0x16c c:/program files (x86)/gnu tools arm embedded/5.4 2016q3/bin/../lib/gcc/arm-none-eabi/5.4.1/../../../../arm-none-eabi/lib/armv7e-m\libg.a(lib_a-locale.o)
                0x2000085c                __global_locale
                0x200009c8                . = ALIGN (0x4)
                [!provide]                PROVIDE (__preinit_array_start, .)
 *(.preinit_array)
                [!provide]                PROVIDE (__preinit_array_end, .)
                0x200009c8                . = ALIGN (0x4)
                [!provide]                PROVIDE (__init_array_start, .)
 *(SORT(.init_array.*))
 *(.init_array)
                [!provide]                PROVIDE (__init_array_end, .)
                0x200009c8                . = ALIGN (0x4)
                [!provide]                PROVIDE (__fini_array_start, .)
 *(SORT(.fini_array.*))
 *(.fini_array)
                [!provide]                PROVIDE (__fini_array_end, .)
 *(.jcr*)
                0x200009c8                . = ALIGN (0x4)
                0x200009c8                __data_end__ = .
                0x200009c8                _edata = __data_end__

.igot.plt       0x200009c8        0x0 load address 0x080073ac
 .igot.plt      0x200009c8        0x0 ..\obj\stm32f4xx_syscfg.o

.bss            0x200009c8      0x150 load address 0x080073b0
                0x200009c8                . = ALIGN (0x4)
                0x200009c8                __bss_start__ = .
                0x200009c8                _sbss = __bss_start__
 *(.bss*)
 .bss           0x200009c8        0x7 ..\obj\tm_stm32f4_hd44780.o
 *fill*         0x200009cf        0x1 
 .bss           0x200009d0       0x24 ..\obj\main.o
                0x200009d0                speed
                0x200009d8                time
                0x200009e0                ms
                0x200009e4                first
                0x200009e8                grace
                0x200009ec                wait
                0x200009f0                ignore
 .bss           0x200009f4       0x28 ..\obj\tm_stm32f4_delay.o
                0x200009f4                TM_TimingDelay
                0x200009f8                TM_Time
                0x200009fc                TM_Time2
                0x20000a00                TM_DELAY_Initialized
 .bss           0x20000a1c        0x4 ..\obj\syscalls.o
 .bss           0x20000a20       0x16 ..\obj\tm_stm32f4_gpio.o
 *fill*         0x20000a36        0x2 
 .bss.__malloc_max_total_mem
                0x20000a38        0x4 c:/program files (x86)/gnu tools arm embedded/5.4 2016q3/bin/../lib/gcc/arm-none-eabi/5.4.1/../../../../arm-none-eabi/lib/armv7e-m\libg.a(lib_a-mallocr.o)
                0x20000a38                __malloc_max_total_mem
 .bss.__malloc_max_sbrked_mem
                0x20000a3c        0x4 c:/program files (x86)/gnu tools arm embedded/5.4 2016q3/bin/../lib/gcc/arm-none-eabi/5.4.1/../../../../arm-none-eabi/lib/armv7e-m\libg.a(lib_a-mallocr.o)
                0x20000a3c                __malloc_max_sbrked_mem
 .bss.__malloc_top_pad
                0x20000a40        0x4 c:/program files (x86)/gnu tools arm embedded/5.4 2016q3/bin/../lib/gcc/arm-none-eabi/5.4.1/../../../../arm-none-eabi/lib/armv7e-m\libg.a(lib_a-mallocr.o)
                0x20000a40                __malloc_top_pad
 .bss.__malloc_current_mallinfo
                0x20000a44       0x28 c:/program files (x86)/gnu tools arm embedded/5.4 2016q3/bin/../lib/gcc/arm-none-eabi/5.4.1/../../../../arm-none-eabi/lib/armv7e-m\libg.a(lib_a-mallocr.o)
                0x20000a44                __malloc_current_mallinfo
 *(COMMON)
 COMMON         0x20000a6c       0x80 ..\obj\biblioteka.o
                0x20000a6c                TIM_TimeBaseStructure
                0x20000a78                ADC_InitStructure
                0x20000a90                DAC_InitStructure
                0x20000aa0                TIM_OCInitStructure
                0x20000ab4                valueFromADC
                0x20000ab8                GPIO_InitStructure
                0x20000ac0                USART_InitStructure
                0x20000ad0                NVIC_InitStructure
                0x20000ad4                EXTI_InitStructure
                0x20000adc                ADC_CommonInitStructure
 *fill*         0x20000aec        0x4 
 COMMON         0x20000af0       0x1e ..\obj\main.o
                0x20000af0                speeds
                0x20000af8                light
                0x20000b00                calibration
                0x20000b08                timems
 *fill*         0x20000b0e        0x2 
 COMMON         0x20000b10        0x4 ..\obj\tm_stm32f4_delay.o
                0x20000b10                mult
 COMMON         0x20000b14        0x4 c:/program files (x86)/gnu tools arm embedded/5.4 2016q3/bin/../lib/gcc/arm-none-eabi/5.4.1/../../../../arm-none-eabi/lib/armv7e-m\libg.a(lib_a-reent.o)
                0x20000b14                errno
                0x20000b18                . = ALIGN (0x4)
                0x20000b18                __bss_end__ = .
                0x20000b18                _ebss = __bss_end__

.heap           0x20000b18        0x0
                0x20000b18                __end__ = .
                0x20000b18                _end = __end__
                0x20000b18                end = __end__
 *(.heap*)
                0x20000b18                __HeapLimit = .

.co_stack       0x20000b18      0x800 load address 0x08007500
                0x20000b18                . = ALIGN (0x8)
 *(.co_stack .co_stack.*)
 .co_stack      0x20000b18      0x800 ..\obj\startup_stm32f4xx.o
                0x20000b18                pulStack
                0x20020000                __StackTop = (ORIGIN (ram) + LENGTH (ram))
                0x2001f800                __StackLimit = (__StackTop - SIZEOF (.co_stack))
                [!provide]                PROVIDE (__stack, __StackTop)
                0x00000001                ASSERT ((__StackLimit >= __HeapLimit), region ram  overflowed with stack)
LOAD ..\obj\stm32f4xx_syscfg.o
LOAD ..\obj\biblioteka.o
LOAD ..\obj\tm_stm32f4_hd44780.o
LOAD ..\obj\stm32f4xx_usart.o
LOAD ..\obj\tm_stm32f4_adc.o
LOAD ..\obj\stm32f4xx_dac.o
LOAD ..\obj\startup_stm32f4xx.o
LOAD ..\obj\main.o
LOAD ..\obj\stm32f4xx_rcc.o
LOAD ..\obj\stm32f4xx_adc.o
LOAD ..\obj\tm_stm32f4_delay.o
LOAD ..\obj\stm32f4xx_gpio.o
LOAD ..\obj\system_stm32f4xx.o
LOAD ..\obj\syscalls.o
LOAD ..\obj\stm32f4xx_dma.o
LOAD ..\obj\stm32f4xx_spi.o
LOAD ..\obj\stm32f4xx_i2c.o
LOAD ..\obj\stm32f4xx_exti.o
LOAD ..\obj\misc.o
LOAD ..\obj\tm_stm32f4_gpio.o
LOAD ..\obj\tm_stm32f4_timer_properties.o
LOAD ..\obj\stm32f4xx_tim.o
START GROUP
LOAD c:/program files (x86)/gnu tools arm embedded/5.4 2016q3/bin/../lib/gcc/arm-none-eabi/5.4.1/armv7e-m\libgcc.a
LOAD c:/program files (x86)/gnu tools arm embedded/5.4 2016q3/bin/../lib/gcc/arm-none-eabi/5.4.1/../../../../arm-none-eabi/lib/armv7e-m\libg.a
LOAD c:/program files (x86)/gnu tools arm embedded/5.4 2016q3/bin/../lib/gcc/arm-none-eabi/5.4.1/../../../../arm-none-eabi/lib/armv7e-m\libc.a
END GROUP
OUTPUT(projekto.elf elf32-littlearm)

.debug_info     0x00000000     0x8a51
 .debug_info    0x00000000     0x167c ..\obj\biblioteka.o
 .debug_info    0x0000167c      0x546 ..\obj\tm_stm32f4_hd44780.o
 .debug_info    0x00001bc2      0x9d3 ..\obj\tm_stm32f4_adc.o
 .debug_info    0x00002595       0xf2 ..\obj\startup_stm32f4xx.o
 .debug_info    0x00002687      0x6d0 ..\obj\main.o
 .debug_info    0x00002d57      0xc63 ..\obj\stm32f4xx_rcc.o
 .debug_info    0x000039ba      0xc40 ..\obj\stm32f4xx_adc.o
 .debug_info    0x000045fa      0xa24 ..\obj\tm_stm32f4_delay.o
 .debug_info    0x0000501e      0x61a ..\obj\stm32f4xx_gpio.o
 .debug_info    0x00005638      0x5c5 ..\obj\system_stm32f4xx.o
 .debug_info    0x00005bfd      0x458 ..\obj\syscalls.o
 .debug_info    0x00006055      0x556 ..\obj\misc.o
 .debug_info    0x000065ab      0x83d ..\obj\tm_stm32f4_gpio.o
 .debug_info    0x00006de8     0x1c69 ..\obj\stm32f4xx_tim.o

.debug_abbrev   0x00000000     0x1658
 .debug_abbrev  0x00000000      0x2cb ..\obj\biblioteka.o
 .debug_abbrev  0x000002cb      0x199 ..\obj\tm_stm32f4_hd44780.o
 .debug_abbrev  0x00000464      0x187 ..\obj\tm_stm32f4_adc.o
 .debug_abbrev  0x000005eb       0xb0 ..\obj\startup_stm32f4xx.o
 .debug_abbrev  0x0000069b      0x18c ..\obj\main.o
 .debug_abbrev  0x00000827      0x1e5 ..\obj\stm32f4xx_rcc.o
 .debug_abbrev  0x00000a0c      0x198 ..\obj\stm32f4xx_adc.o
 .debug_abbrev  0x00000ba4      0x2cf ..\obj\tm_stm32f4_delay.o
 .debug_abbrev  0x00000e73      0x1a7 ..\obj\stm32f4xx_gpio.o
 .debug_abbrev  0x0000101a      0x138 ..\obj\system_stm32f4xx.o
 .debug_abbrev  0x00001152       0xe5 ..\obj\syscalls.o
 .debug_abbrev  0x00001237      0x147 ..\obj\misc.o
 .debug_abbrev  0x0000137e      0x151 ..\obj\tm_stm32f4_gpio.o
 .debug_abbrev  0x000014cf      0x189 ..\obj\stm32f4xx_tim.o

.debug_aranges  0x00000000      0xae0
 .debug_aranges
                0x00000000       0xf0 ..\obj\biblioteka.o
 .debug_aranges
                0x000000f0       0xb0 ..\obj\tm_stm32f4_hd44780.o
 .debug_aranges
                0x000001a0       0xc8 ..\obj\tm_stm32f4_adc.o
 .debug_aranges
                0x00000268       0x28 ..\obj\startup_stm32f4xx.o
 .debug_aranges
                0x00000290       0x28 ..\obj\main.o
 .debug_aranges
                0x000002b8      0x178 ..\obj\stm32f4xx_rcc.o
 .debug_aranges
                0x00000430      0x148 ..\obj\stm32f4xx_adc.o
 .debug_aranges
                0x00000578       0x80 ..\obj\tm_stm32f4_delay.o
 .debug_aranges
                0x000005f8       0x88 ..\obj\stm32f4xx_gpio.o
 .debug_aranges
                0x00000680       0x30 ..\obj\system_stm32f4xx.o
 .debug_aranges
                0x000006b0       0x60 ..\obj\syscalls.o
 .debug_aranges
                0x00000710       0x40 ..\obj\misc.o
 .debug_aranges
                0x00000750       0x98 ..\obj\tm_stm32f4_gpio.o
 .debug_aranges
                0x000007e8      0x2f8 ..\obj\stm32f4xx_tim.o

.debug_ranges   0x00000000      0xa00
 .debug_ranges  0x00000000       0xe0 ..\obj\biblioteka.o
 .debug_ranges  0x000000e0       0xa0 ..\obj\tm_stm32f4_hd44780.o
 .debug_ranges  0x00000180       0xb8 ..\obj\tm_stm32f4_adc.o
 .debug_ranges  0x00000238       0x18 ..\obj\startup_stm32f4xx.o
 .debug_ranges  0x00000250       0x18 ..\obj\main.o
 .debug_ranges  0x00000268      0x168 ..\obj\stm32f4xx_rcc.o
 .debug_ranges  0x000003d0      0x138 ..\obj\stm32f4xx_adc.o
 .debug_ranges  0x00000508       0x70 ..\obj\tm_stm32f4_delay.o
 .debug_ranges  0x00000578       0x78 ..\obj\stm32f4xx_gpio.o
 .debug_ranges  0x000005f0       0x20 ..\obj\system_stm32f4xx.o
 .debug_ranges  0x00000610       0x50 ..\obj\syscalls.o
 .debug_ranges  0x00000660       0x30 ..\obj\misc.o
 .debug_ranges  0x00000690       0x88 ..\obj\tm_stm32f4_gpio.o
 .debug_ranges  0x00000718      0x2e8 ..\obj\stm32f4xx_tim.o

.debug_line     0x00000000     0x365f
 .debug_line    0x00000000      0x608 ..\obj\biblioteka.o
 .debug_line    0x00000608      0x3e3 ..\obj\tm_stm32f4_hd44780.o
 .debug_line    0x000009eb      0x405 ..\obj\tm_stm32f4_adc.o
 .debug_line    0x00000df0       0x96 ..\obj\startup_stm32f4xx.o
 .debug_line    0x00000e86      0x221 ..\obj\main.o
 .debug_line    0x000010a7      0x599 ..\obj\stm32f4xx_rcc.o
 .debug_line    0x00001640      0x551 ..\obj\stm32f4xx_adc.o
 .debug_line    0x00001b91      0x35b ..\obj\tm_stm32f4_delay.o
 .debug_line    0x00001eec      0x354 ..\obj\stm32f4xx_gpio.o
 .debug_line    0x00002240      0x1ec ..\obj\system_stm32f4xx.o
 .debug_line    0x0000242c      0x1e6 ..\obj\syscalls.o
 .debug_line    0x00002612      0x232 ..\obj\misc.o
 .debug_line    0x00002844      0x366 ..\obj\tm_stm32f4_gpio.o
 .debug_line    0x00002baa      0xab5 ..\obj\stm32f4xx_tim.o

.debug_str      0x00000000     0x3805
 .debug_str     0x00000000     0x1206 ..\obj\biblioteka.o
                               0x130f (size before relaxing)
 .debug_str     0x00001206      0x321 ..\obj\tm_stm32f4_hd44780.o
                                0x4df (size before relaxing)
 .debug_str     0x00001527      0x498 ..\obj\tm_stm32f4_adc.o
                                0x8c6 (size before relaxing)
 .debug_str     0x000019bf       0xa5 ..\obj\startup_stm32f4xx.o
                                0x13c (size before relaxing)
 .debug_str     0x00001a64       0x97 ..\obj\main.o
                                0x413 (size before relaxing)
 .debug_str     0x00001afb      0x593 ..\obj\stm32f4xx_rcc.o
                                0x845 (size before relaxing)
 .debug_str     0x0000208e      0x4ae ..\obj\stm32f4xx_adc.o
                                0x7f9 (size before relaxing)
 .debug_str     0x0000253c      0x288 ..\obj\tm_stm32f4_delay.o
                                0x9b9 (size before relaxing)
 .debug_str     0x000027c4      0x16c ..\obj\stm32f4xx_gpio.o
                                0x498 (size before relaxing)
 .debug_str     0x00002930       0xa9 ..\obj\system_stm32f4xx.o
                                0x39f (size before relaxing)
 .debug_str     0x000029d9      0x169 ..\obj\syscalls.o
                                0x321 (size before relaxing)
 .debug_str     0x00002b42      0x101 ..\obj\misc.o
                                0x3c3 (size before relaxing)
 .debug_str     0x00002c43      0x1cf ..\obj\tm_stm32f4_gpio.o
                                0x596 (size before relaxing)
 .debug_str     0x00002e12      0x9f3 ..\obj\stm32f4xx_tim.o
                                0xdc5 (size before relaxing)

.comment        0x00000000       0x6e
 .comment       0x00000000       0x6e ..\obj\biblioteka.o
                                 0x6f (size before relaxing)
 .comment       0x0000006e       0x6f ..\obj\tm_stm32f4_hd44780.o
 .comment       0x0000006e       0x6f ..\obj\tm_stm32f4_adc.o
 .comment       0x0000006e       0x6f ..\obj\startup_stm32f4xx.o
 .comment       0x0000006e       0x6f ..\obj\main.o
 .comment       0x0000006e       0x6f ..\obj\stm32f4xx_rcc.o
 .comment       0x0000006e       0x6f ..\obj\stm32f4xx_adc.o
 .comment       0x0000006e       0x6f ..\obj\tm_stm32f4_delay.o
 .comment       0x0000006e       0x6f ..\obj\stm32f4xx_gpio.o
 .comment       0x0000006e       0x6f ..\obj\system_stm32f4xx.o
 .comment       0x0000006e       0x6f ..\obj\syscalls.o
 .comment       0x0000006e       0x6f ..\obj\misc.o
 .comment       0x0000006e       0x6f ..\obj\tm_stm32f4_gpio.o
 .comment       0x0000006e       0x6f ..\obj\stm32f4xx_tim.o

.ARM.attributes
                0x00000000       0x31
 .ARM.attributes
                0x00000000       0x33 ..\obj\biblioteka.o
 .ARM.attributes
                0x00000033       0x33 ..\obj\tm_stm32f4_hd44780.o
 .ARM.attributes
                0x00000066       0x33 ..\obj\tm_stm32f4_adc.o
 .ARM.attributes
                0x00000099       0x33 ..\obj\startup_stm32f4xx.o
 .ARM.attributes
                0x000000cc       0x33 ..\obj\main.o
 .ARM.attributes
                0x000000ff       0x33 ..\obj\stm32f4xx_rcc.o
 .ARM.attributes
                0x00000132       0x33 ..\obj\stm32f4xx_adc.o
 .ARM.attributes
                0x00000165       0x33 ..\obj\tm_stm32f4_delay.o
 .ARM.attributes
                0x00000198       0x33 ..\obj\stm32f4xx_gpio.o
 .ARM.attributes
                0x000001cb       0x33 ..\obj\system_stm32f4xx.o
 .ARM.attributes
                0x000001fe       0x33 ..\obj\syscalls.o
 .ARM.attributes
                0x00000231       0x33 ..\obj\misc.o
 .ARM.attributes
                0x00000264       0x33 ..\obj\tm_stm32f4_gpio.o
 .ARM.attributes
                0x00000297       0x33 ..\obj\stm32f4xx_tim.o
 .ARM.attributes
                0x000002ca       0x1e c:/program files (x86)/gnu tools arm embedded/5.4 2016q3/bin/../lib/gcc/arm-none-eabi/5.4.1/armv7e-m\libgcc.a(_arm_addsubdf3.o)
 .ARM.attributes
                0x000002e8       0x1e c:/program files (x86)/gnu tools arm embedded/5.4 2016q3/bin/../lib/gcc/arm-none-eabi/5.4.1/armv7e-m\libgcc.a(_arm_muldivdf3.o)
 .ARM.attributes
                0x00000306       0x1e c:/program files (x86)/gnu tools arm embedded/5.4 2016q3/bin/../lib/gcc/arm-none-eabi/5.4.1/armv7e-m\libgcc.a(_arm_cmpdf2.o)
 .ARM.attributes
                0x00000324       0x2e c:/program files (x86)/gnu tools arm embedded/5.4 2016q3/bin/../lib/gcc/arm-none-eabi/5.4.1/../../../../arm-none-eabi/lib/armv7e-m\libg.a(lib_a-mallocr.o)
 .ARM.attributes
                0x00000352       0x2e c:/program files (x86)/gnu tools arm embedded/5.4 2016q3/bin/../lib/gcc/arm-none-eabi/5.4.1/../../../../arm-none-eabi/lib/armv7e-m\libg.a(lib_a-mlock.o)
 .ARM.attributes
                0x00000380       0x2e c:/program files (x86)/gnu tools arm embedded/5.4 2016q3/bin/../lib/gcc/arm-none-eabi/5.4.1/../../../../arm-none-eabi/lib/armv7e-m\libg.a(lib_a-sbrkr.o)
 .ARM.attributes
                0x000003ae       0x2e c:/program files (x86)/gnu tools arm embedded/5.4 2016q3/bin/../lib/gcc/arm-none-eabi/5.4.1/../../../../arm-none-eabi/lib/armv7e-m\libg.a(lib_a-sprintf.o)
 .ARM.attributes
                0x000003dc       0x2e c:/program files (x86)/gnu tools arm embedded/5.4 2016q3/bin/../lib/gcc/arm-none-eabi/5.4.1/../../../../arm-none-eabi/lib/armv7e-m\libg.a(lib_a-svfprintf.o)
 .ARM.attributes
                0x0000040a       0x2e c:/program files (x86)/gnu tools arm embedded/5.4 2016q3/bin/../lib/gcc/arm-none-eabi/5.4.1/../../../../arm-none-eabi/lib/armv7e-m\libg.a(lib_a-dtoa.o)
 .ARM.attributes
                0x00000438       0x2e c:/program files (x86)/gnu tools arm embedded/5.4 2016q3/bin/../lib/gcc/arm-none-eabi/5.4.1/../../../../arm-none-eabi/lib/armv7e-m\libg.a(lib_a-freer.o)
 .ARM.attributes
                0x00000466       0x2e c:/program files (x86)/gnu tools arm embedded/5.4 2016q3/bin/../lib/gcc/arm-none-eabi/5.4.1/../../../../arm-none-eabi/lib/armv7e-m\libg.a(lib_a-impure.o)
 .ARM.attributes
                0x00000494       0x2e c:/program files (x86)/gnu tools arm embedded/5.4 2016q3/bin/../lib/gcc/arm-none-eabi/5.4.1/../../../../arm-none-eabi/lib/armv7e-m\libg.a(lib_a-localeconv.o)
 .ARM.attributes
                0x000004c2       0x1c c:/program files (x86)/gnu tools arm embedded/5.4 2016q3/bin/../lib/gcc/arm-none-eabi/5.4.1/../../../../arm-none-eabi/lib/armv7e-m\libg.a(lib_a-memchr.o)
 .ARM.attributes
                0x000004de       0x1c c:/program files (x86)/gnu tools arm embedded/5.4 2016q3/bin/../lib/gcc/arm-none-eabi/5.4.1/../../../../arm-none-eabi/lib/armv7e-m\libg.a(lib_a-memcpy.o)
 .ARM.attributes
                0x000004fa       0x2e c:/program files (x86)/gnu tools arm embedded/5.4 2016q3/bin/../lib/gcc/arm-none-eabi/5.4.1/../../../../arm-none-eabi/lib/armv7e-m\libg.a(lib_a-mprec.o)
 .ARM.attributes
                0x00000528       0x2e c:/program files (x86)/gnu tools arm embedded/5.4 2016q3/bin/../lib/gcc/arm-none-eabi/5.4.1/../../../../arm-none-eabi/lib/armv7e-m\libg.a(lib_a-reent.o)
 .ARM.attributes
                0x00000556       0x1c c:/program files (x86)/gnu tools arm embedded/5.4 2016q3/bin/../lib/gcc/arm-none-eabi/5.4.1/../../../../arm-none-eabi/lib/armv7e-m\libg.a(lib_a-strlen.o)
 .ARM.attributes
                0x00000572       0x2e c:/program files (x86)/gnu tools arm embedded/5.4 2016q3/bin/../lib/gcc/arm-none-eabi/5.4.1/../../../../arm-none-eabi/lib/armv7e-m\libg.a(lib_a-svfiprintf.o)
 .ARM.attributes
                0x000005a0       0x2e c:/program files (x86)/gnu tools arm embedded/5.4 2016q3/bin/../lib/gcc/arm-none-eabi/5.4.1/../../../../arm-none-eabi/lib/armv7e-m\libg.a(lib_a-callocr.o)
 .ARM.attributes
                0x000005ce       0x2e c:/program files (x86)/gnu tools arm embedded/5.4 2016q3/bin/../lib/gcc/arm-none-eabi/5.4.1/../../../../arm-none-eabi/lib/armv7e-m\libg.a(lib_a-locale.o)
 .ARM.attributes
                0x000005fc       0x2e c:/program files (x86)/gnu tools arm embedded/5.4 2016q3/bin/../lib/gcc/arm-none-eabi/5.4.1/../../../../arm-none-eabi/lib/armv7e-m\libg.a(lib_a-mbtowc_r.o)
 .ARM.attributes
                0x0000062a       0x2e c:/program files (x86)/gnu tools arm embedded/5.4 2016q3/bin/../lib/gcc/arm-none-eabi/5.4.1/../../../../arm-none-eabi/lib/armv7e-m\libg.a(lib_a-memmove.o)
 .ARM.attributes
                0x00000658       0x2e c:/program files (x86)/gnu tools arm embedded/5.4 2016q3/bin/../lib/gcc/arm-none-eabi/5.4.1/../../../../arm-none-eabi/lib/armv7e-m\libg.a(lib_a-memset.o)
 .ARM.attributes
                0x00000686       0x2e c:/program files (x86)/gnu tools arm embedded/5.4 2016q3/bin/../lib/gcc/arm-none-eabi/5.4.1/../../../../arm-none-eabi/lib/armv7e-m\libg.a(lib_a-reallocr.o)
 .ARM.attributes
                0x000006b4       0x2e c:/program files (x86)/gnu tools arm embedded/5.4 2016q3/bin/../lib/gcc/arm-none-eabi/5.4.1/../../../../arm-none-eabi/lib/armv7e-m\libg.a(lib_a-wctomb_r.o)
 .ARM.attributes
                0x000006e2       0x2e c:/program files (x86)/gnu tools arm embedded/5.4 2016q3/bin/../lib/gcc/arm-none-eabi/5.4.1/../../../../arm-none-eabi/lib/armv7e-m\libg.a(lib_a-ctype_.o)
 .ARM.attributes
                0x00000710       0x1e c:/program files (x86)/gnu tools arm embedded/5.4 2016q3/bin/../lib/gcc/arm-none-eabi/5.4.1/armv7e-m\libgcc.a(_arm_unorddf2.o)
 .ARM.attributes
                0x0000072e       0x1e c:/program files (x86)/gnu tools arm embedded/5.4 2016q3/bin/../lib/gcc/arm-none-eabi/5.4.1/armv7e-m\libgcc.a(_arm_fixdfsi.o)
 .ARM.attributes
                0x0000074c       0x1e c:/program files (x86)/gnu tools arm embedded/5.4 2016q3/bin/../lib/gcc/arm-none-eabi/5.4.1/armv7e-m\libgcc.a(_aeabi_uldivmod.o)
 .ARM.attributes
                0x0000076a       0x2e c:/program files (x86)/gnu tools arm embedded/5.4 2016q3/bin/../lib/gcc/arm-none-eabi/5.4.1/armv7e-m\libgcc.a(_udivmoddi4.o)
 .ARM.attributes
                0x00000798       0x1e c:/program files (x86)/gnu tools arm embedded/5.4 2016q3/bin/../lib/gcc/arm-none-eabi/5.4.1/armv7e-m\libgcc.a(_dvmd_tls.o)

.debug_frame    0x00000000     0x368c
 .debug_frame   0x00000000      0x3ac ..\obj\biblioteka.o
 .debug_frame   0x000003ac      0x278 ..\obj\tm_stm32f4_hd44780.o
 .debug_frame   0x00000624      0x320 ..\obj\tm_stm32f4_adc.o
 .debug_frame   0x00000944       0x4c ..\obj\startup_stm32f4xx.o
 .debug_frame   0x00000990       0x4c ..\obj\main.o
 .debug_frame   0x000009dc      0x6d4 ..\obj\stm32f4xx_rcc.o
 .debug_frame   0x000010b0      0x5ec ..\obj\stm32f4xx_adc.o
 .debug_frame   0x0000169c      0x1ec ..\obj\tm_stm32f4_delay.o
 .debug_frame   0x00001888      0x23c ..\obj\stm32f4xx_gpio.o
 .debug_frame   0x00001ac4       0x7c ..\obj\system_stm32f4xx.o
 .debug_frame   0x00001b40      0x168 ..\obj\syscalls.o
 .debug_frame   0x00001ca8       0xd8 ..\obj\misc.o
 .debug_frame   0x00001d80      0x274 ..\obj\tm_stm32f4_gpio.o
 .debug_frame   0x00001ff4      0xe54 ..\obj\stm32f4xx_tim.o
 .debug_frame   0x00002e48       0x58 c:/program files (x86)/gnu tools arm embedded/5.4 2016q3/bin/../lib/gcc/arm-none-eabi/5.4.1/../../../../arm-none-eabi/lib/armv7e-m\libg.a(lib_a-mallocr.o)
 .debug_frame   0x00002ea0       0x30 c:/program files (x86)/gnu tools arm embedded/5.4 2016q3/bin/../lib/gcc/arm-none-eabi/5.4.1/../../../../arm-none-eabi/lib/armv7e-m\libg.a(lib_a-mlock.o)
 .debug_frame   0x00002ed0       0x2c c:/program files (x86)/gnu tools arm embedded/5.4 2016q3/bin/../lib/gcc/arm-none-eabi/5.4.1/../../../../arm-none-eabi/lib/armv7e-m\libg.a(lib_a-sbrkr.o)
 .debug_frame   0x00002efc       0x84 c:/program files (x86)/gnu tools arm embedded/5.4 2016q3/bin/../lib/gcc/arm-none-eabi/5.4.1/../../../../arm-none-eabi/lib/armv7e-m\libg.a(lib_a-sprintf.o)
 .debug_frame   0x00002f80       0x44 c:/program files (x86)/gnu tools arm embedded/5.4 2016q3/bin/../lib/gcc/arm-none-eabi/5.4.1/../../../../arm-none-eabi/lib/armv7e-m\libg.a(lib_a-svfprintf.o)
 .debug_frame   0x00002fc4       0x88 c:/program files (x86)/gnu tools arm embedded/5.4 2016q3/bin/../lib/gcc/arm-none-eabi/5.4.1/../../../../arm-none-eabi/lib/armv7e-m\libg.a(lib_a-dtoa.o)
 .debug_frame   0x0000304c       0x74 c:/program files (x86)/gnu tools arm embedded/5.4 2016q3/bin/../lib/gcc/arm-none-eabi/5.4.1/../../../../arm-none-eabi/lib/armv7e-m\libg.a(lib_a-freer.o)
 .debug_frame   0x000030c0       0x40 c:/program files (x86)/gnu tools arm embedded/5.4 2016q3/bin/../lib/gcc/arm-none-eabi/5.4.1/../../../../arm-none-eabi/lib/armv7e-m\libg.a(lib_a-localeconv.o)
 .debug_frame   0x00003100      0x264 c:/program files (x86)/gnu tools arm embedded/5.4 2016q3/bin/../lib/gcc/arm-none-eabi/5.4.1/../../../../arm-none-eabi/lib/armv7e-m\libg.a(lib_a-mprec.o)
 .debug_frame   0x00003364       0x58 c:/program files (x86)/gnu tools arm embedded/5.4 2016q3/bin/../lib/gcc/arm-none-eabi/5.4.1/../../../../arm-none-eabi/lib/armv7e-m\libg.a(lib_a-reent.o)
 .debug_frame   0x000033bc       0x78 c:/program files (x86)/gnu tools arm embedded/5.4 2016q3/bin/../lib/gcc/arm-none-eabi/5.4.1/../../../../arm-none-eabi/lib/armv7e-m\libg.a(lib_a-svfiprintf.o)
 .debug_frame   0x00003434       0x28 c:/program files (x86)/gnu tools arm embedded/5.4 2016q3/bin/../lib/gcc/arm-none-eabi/5.4.1/../../../../arm-none-eabi/lib/armv7e-m\libg.a(lib_a-callocr.o)
 .debug_frame   0x0000345c       0x84 c:/program files (x86)/gnu tools arm embedded/5.4 2016q3/bin/../lib/gcc/arm-none-eabi/5.4.1/../../../../arm-none-eabi/lib/armv7e-m\libg.a(lib_a-locale.o)
 .debug_frame   0x000034e0       0x4c c:/program files (x86)/gnu tools arm embedded/5.4 2016q3/bin/../lib/gcc/arm-none-eabi/5.4.1/../../../../arm-none-eabi/lib/armv7e-m\libg.a(lib_a-mbtowc_r.o)
 .debug_frame   0x0000352c       0x30 c:/program files (x86)/gnu tools arm embedded/5.4 2016q3/bin/../lib/gcc/arm-none-eabi/5.4.1/../../../../arm-none-eabi/lib/armv7e-m\libg.a(lib_a-memmove.o)
 .debug_frame   0x0000355c       0x34 c:/program files (x86)/gnu tools arm embedded/5.4 2016q3/bin/../lib/gcc/arm-none-eabi/5.4.1/../../../../arm-none-eabi/lib/armv7e-m\libg.a(lib_a-memset.o)
 .debug_frame   0x00003590       0x60 c:/program files (x86)/gnu tools arm embedded/5.4 2016q3/bin/../lib/gcc/arm-none-eabi/5.4.1/../../../../arm-none-eabi/lib/armv7e-m\libg.a(lib_a-reallocr.o)
 .debug_frame   0x000035f0       0x3c c:/program files (x86)/gnu tools arm embedded/5.4 2016q3/bin/../lib/gcc/arm-none-eabi/5.4.1/../../../../arm-none-eabi/lib/armv7e-m\libg.a(lib_a-wctomb_r.o)
 .debug_frame   0x0000362c       0x2c c:/program files (x86)/gnu tools arm embedded/5.4 2016q3/bin/../lib/gcc/arm-none-eabi/5.4.1/armv7e-m\libgcc.a(_aeabi_uldivmod.o)
 .debug_frame   0x00003658       0x34 c:/program files (x86)/gnu tools arm embedded/5.4 2016q3/bin/../lib/gcc/arm-none-eabi/5.4.1/armv7e-m\libgcc.a(_udivmoddi4.o)
